[08:52:39] ▶ finalize_beat — Ghép dạo đầu đã chọn vào beat đã chọn (cùng lưới phách)
[08:52:51] Ghép dạo đầu i1_am_s22 vào b1_am_s7 tại 20.875 s (phách), nối mềm 0.25 s.
[08:52:51] ▶ vocal_render — ACE hát lại giọng (lời chuẩn) trên giờ của beat đã chọn (vòng 1)
[08:53:12] ACE hát lại 4 bản (~20 giây/bản)
[08:55:07] ▶ vocal_gate — Làm sạch xì + đo giọng; không đạt → vòng mới (vòng 1)
[08:58:27]    cổng vocal: ĐẠT — 2/4 bản đạt. prision_v1_B_s42: ĐẠT; prision_v1_B_s7: ĐẠT; prision_v1_A_s42: loại (wer); prision_v1_A_s7: loại (wer)
[08:58:27] ▶ mix — Trộn beat + giọng, master -14 LUFS
[08:58:58]    cổng mix: ĐẠT — 2/2 bản đạt. final_b1_am_s7+i1_am_s22__prision_v1_B_s7: ĐẠT; final_b1_am_s7+i1_am_s22__prision_v1_B_s42: ĐẠT
[08:58:58] ▶ pack — Đóng gói nghe (Audacity .lof) + bản giao
[08:59:15] Gói nghe cả bài: C:\Users\PC\Downloads\project music\project spain\HARNESS_SPAIN\songs\prision\NGHE\2_ca_bai. Chờ tai Duy (HG2).
--- review độc lập ---
 ĐẠT  R10: ngưỡng cổng không bị sửa ngoài gate-set
 ĐẠT  R14: có nhật ký (57 dòng)
 ĐẠT  R1: log/state không nhắc tới tool thật
 ĐẠT  R6: log/state không chứa 5 từ liền của lời bài
 ĐẠT  R2: không có khóa lab bị bỏ quên
 ĐẠT  R4: bản nốt chỉ bị dời cung -1, không thêm/bớt/đổi nốt (251 nốt)
 ĐẠT  cổng: intake: có hồ sơ chấm cổng
 ĐẠT  cổng: abc: có hồ sơ chấm cổng
 ĐẠT  cổng: beat_gate: có hồ sơ chấm cổng
 ĐẠT  cổng: vocal_gate: có hồ sơ chấm cổng
 ĐẠT  cổng: mix: có hồ sơ chấm cổng
KẾT LUẬN: ĐẠT
== prision ==  vòng beat 1/3, vòng giọng 1/3
  ✔ intake                Nhận bài: đo nhịp/cung/bố cục, dọn lời (thử 1/2)
  ✔ abc                   Chép nốt beat gốc (SheetSage2) → bản nốt dời cung (thử 1/3)
  ✔ beat_render           YuE2 đánh beat (một vòng = vài seed × kiểu) (thử 1/3)
  ✔ beat_gate             Căn phách + lọc máy; không đủ bản đạt → vòng mới (thử 1/3)
  ✔ HG1           [NGƯỜI] TAI DUY #1: nghe beat (dạo đầu trước)
  ✔ finalize_beat         Ghép dạo đầu đã chọn vào beat đã chọn (cùng lưới phách) (thử 1/2)
  ✔ vocal_render          ACE hát lại giọng (lời chuẩn) trên giờ của beat đã chọn (thử 1/3)
  ✔ vocal_gate            Làm sạch xì + đo giọng; không đạt → vòng mới (thử 1/3)
  ✔ mix                   Trộn beat + giọng, master -14 LUFS (thử 1/2)
  ✔ pack                  Đóng gói nghe (Audacity .lof) + bản giao (thử 1/1)
 ▶· HG2           [NGƯỜI] TAI DUY #2 + bên yêu cầu: nghe cả bài, upload thử Content ID
  · memory                Ghi bài học + hiệu chuẩn
  beat Duy chọn: b1_am_s7
NEXT: HUMAN HG2 — Nghe NGHE/2_ca_bai. Báo: ổn/không, rè không, accordion đủ không, giọng mượt không, kết quả Content ID.
      Sau khi Duy trả lời: python run.py human prision HG2 pass|fail --pick ... --note "..."
