[18:34:10] [intro 1/12] YuE2 đánh dạo đầu i1_cl_s21 (~27 s)
[18:34:30] [intro 2/12] YuE2 đánh dạo đầu i1_cl_s22 (~27 s)
[18:34:49] [intro 3/12] YuE2 đánh dạo đầu i1_cl_s23 (~27 s)
[18:35:05] [intro 4/12] YuE2 đánh dạo đầu i1_cl_s24 (~27 s)
[18:35:25] [intro 5/12] YuE2 đánh dạo đầu i1_am_s21 (~27 s)
[18:35:43] [intro 6/12] YuE2 đánh dạo đầu i1_am_s22 (~27 s)
[18:36:03] [intro 7/12] YuE2 đánh dạo đầu i1_am_s23 (~27 s)
[18:36:21] [intro 8/12] YuE2 đánh dạo đầu i1_am_s24 (~27 s)
[18:36:40] [intro 9/12] YuE2 đánh dạo đầu i1_su_s21 (~27 s)
[18:36:55] [intro 10/12] YuE2 đánh dạo đầu i1_su_s22 (~27 s)
[18:37:10] [intro 11/12] YuE2 đánh dạo đầu i1_su_s23 (~27 s)
[18:37:28] [intro 12/12] YuE2 đánh dạo đầu i1_su_s24 (~27 s)
[18:40:15] Gói nghe beat: C:\Users\PC\Downloads\project music\project spain\HARNESS_SPAIN\songs\prision\NGHE\1_beat (2 beat + 3 dạo đầu riêng). Chờ tai Duy (HG1).
[18:40:15] Vòng dạo đầu 1 xong: 5/12 bản qua lọc nhẹ. Gói nghe đã dựng lại.
== prision ==  vòng beat 1/3, vòng giọng 1/3
  ✔ intake                Nhận bài: đo nhịp/cung/bố cục, dọn lời (thử 1/2)
  ✔ abc                   Chép nốt beat gốc (SheetSage2) → bản nốt dời cung (thử 1/3)
  ✔ beat_render           YuE2 đánh beat (một vòng = vài seed × kiểu) (thử 1/3)
  ✔ beat_gate             Căn phách + lọc máy; không đủ bản đạt → vòng mới (thử 1/3)
 ▶· HG1           [NGƯỜI] TAI DUY #1: nghe beat (dạo đầu trước)
  · finalize_beat         Ghép dạo đầu đã chọn vào beat đã chọn (cùng lưới phách)
  · vocal_render          ACE hát lại giọng (lời chuẩn) trên giờ của beat đã chọn
  · vocal_gate            Làm sạch xì + đo giọng; không đạt → vòng mới
  · mix                   Trộn beat + giọng, master -14 LUFS
  · pack                  Đóng gói nghe (Audacity .lof) + bản giao
  · HG2           [NGƯỜI] TAI DUY #2 + bên yêu cầu: nghe cả bài, upload thử Content ID
  · memory                Ghi bài học + hiệu chuẩn
NEXT: HUMAN HG1 — Nghe NGHE/1_beat. Dạo đầu 25 s: so với beat gốc (file 0). Chọn beat chính (--pick) và, nếu thích, một dạo đầu riêng (--intro i1_...). Chê thì nói chỗ nào/giây nào (--note).
      Sau khi Duy trả lời: python run.py human prision HG1 pass|fail --pick ... --note "..."
