** WARNING: connection is not using a post-quantum key exchange algorithm.
** This session may be vulnerable to "store now, decrypt later" attacks.
** The server may need to be upgraded. See https://openssh.com/pq.html
python.exe : [32m[INFO][0m setup plugin alembic.autogenerate.schemas
At C:\Users\ezycloudx-admin\lab_comfy_start.ps1:5 char:1
+ & "$lab\venv\Scripts\python.exe" main.py --port 8288 --listen 127.0.0 ...
+ ~~~~~~~~~~~~~~~~~~~~~~~~~~~~~~~~~~~~~~~~~~~~~~~~~~~~~~~~~~~~~~~~~~~~~
    + CategoryInfo          : NotSpecified: ([32m[INFO][0m...enerate.schemas:String) [], RemoteE    
xception
    + FullyQualifiedErrorId : NativeCommandError
 
[32m[INFO][0m setup plugin alembic.autogenerate.tables
[32m[INFO][0m setup plugin alembic.autogenerate.types
[32m[INFO][0m setup plugin alembic.autogenerate.constraints
[32m[INFO][0m setup plugin alembic.autogenerate.defaults
[32m[INFO][0m setup plugin alembic.autogenerate.comments
[32m[INFO][0m setup plugin alembic.ext.checkconstraint_byname
[1m[33m[WARNING][0m On windows we are currently forcing single GPU mode in ComfyUI due to a Nvidia related 
issue, if you want to disable this use: --cuda-device all
[32m[INFO][0m Setting output directory to: C:\claude_lab\outputs
[32m[INFO][0m Setting input directory to: C:\claude_lab\inputs
[32m[INFO][0m Setting user directory to: C:\claude_lab\user
[32m[INFO][0m Found comfy_kitchen backend hip: {'available': False, 'disabled': False, 
'unavailable_reason': 'PyTorch ROCm/HIP runtime not available', 'capabilities': []}
[32m[INFO][0m Found comfy_kitchen backend triton: {'available': True, 'disabled': True, 
'unavailable_reason': None, 'capabilities': ['adaln', 'apply_rope', 'apply_rope1', 'apply_rope1_', 
'apply_rope_', 'apply_rope_split_half', 'apply_rope_split_half1', 'apply_rope_split_half1_', 
'apply_rope_split_half_', 'dequantize_nvfp4', 'dequantize_per_tensor_fp8', 'int8_linear', 'na3d', 
'quantize_and_rotate_rowwise', 'quantize_int8_rowwise', 'quantize_mxfp8', 'quantize_nvfp4', 
'quantize_per_tensor_fp8', 'rms_adaln', 'rms_rope', 'rms_rope1', 'rms_rope1_', 'rms_rope_', 
'rms_rope_split_half', 'rms_rope_split_half1', 'rms_rope_split_half1_', 'rms_rope_split_half_', 
'w4a8_int8_linear']}
[32m[INFO][0m Found comfy_kitchen backend eager: {'available': True, 'disabled': False, 
'unavailable_reason': None, 'capabilities': ['adaln', 'apply_rope', 'apply_rope1', 'apply_rope1_', 
'apply_rope_', 'apply_rope_split_half', 'apply_rope_split_half1', 'apply_rope_split_half1_', 
'apply_rope_split_half_', 'convrot_w4a4_linear', 'dequantize_convrot_w4a4_weight', 
'dequantize_int8_convrot_weight', 'dequantize_int8_convrot_weight_dtype', 
'dequantize_int8_embedding', 'dequantize_int8_simple', 'dequantize_int8_simple_dtype', 
'dequantize_mxfp8', 'dequantize_nvfp4', 'dequantize_per_tensor_fp8', 
'dequantize_w4a8_int8_weight', 'fp16_conv3d', 'fp16_linear', 'gemv_awq_w4a16', 
'group_norm_silu_pad3d', 'int8_linear', 'na3d', 'prepare_int4_weight_for_int8_linear', 
'quantize_and_rotate_rowwise', 'quantize_convrot_w4a4_weight', 'quantize_int8_convrot_weight', 
'quantize_int8_rowwise', 'quantize_int8_tensorwise', 'quantize_mxfp8', 'quantize_nvfp4', 
'quantize_per_tensor_fp8', 'quantize_svdquant_w4a4', 'quantize_w4a8_int8_weight', 'rms_adaln', 
'rms_rope', 'rms_rope1', 'rms_rope1_', 'rms_rope_', 'rms_rope_split_half', 'rms_rope_split_half1', 
'rms_rope_split_half1_', 'rms_rope_split_half_', 'rotate_int8_convrot_weight', 'scaled_mm_mxfp8', 
'scaled_mm_nvfp4', 'scaled_mm_svdquant_w4a4', 'sol_attn', 'stochastic_rounding_fp8', 
'w4a8_int8_linear']}
[32m[INFO][0m Found comfy_kitchen backend cuda: {'available': True, 'disabled': False, 
'unavailable_reason': None, 'capabilities': ['adaln', 'apply_rope', 'apply_rope1', 'apply_rope1_', 
'apply_rope_', 'apply_rope_split_half', 'apply_rope_split_half1', 'apply_rope_split_half1_', 
'apply_rope_split_half_', 'convrot_w4a4_linear', 'dequantize_convrot_w4a4_weight', 
'dequantize_int8_convrot_weight', 'dequantize_int8_convrot_weight_dtype', 
'dequantize_int8_simple', 'dequantize_int8_simple_dtype', 'dequantize_nvfp4', 
'dequantize_per_tensor_fp8', 'dequantize_w4a8_int8_weight', 'fp16_conv3d', 'fp16_linear', 
'gemv_awq_w4a16', 'group_norm_silu_pad3d', 'int8_linear', 'na3d', 
'prepare_int4_weight_for_int8_linear', 'quantize_and_rotate_rowwise', 
'quantize_convrot_w4a4_weight', 'quantize_int8_convrot_weight', 'quantize_int8_rowwise', 
'quantize_int8_tensorwise', 'quantize_mxfp8', 'quantize_nvfp4', 'quantize_per_tensor_fp8', 
'quantize_svdquant_w4a4', 'quantize_w4a8_int8_weight', 'rms_adaln', 'rms_rope', 'rms_rope1', 
'rms_rope1_', 'rms_rope_', 'rms_rope_split_half', 'rms_rope_split_half1', 'rms_rope_split_half1_', 
'rms_rope_split_half_', 'rotate_int8_convrot_weight', 'scaled_mm_nvfp4', 
'scaled_mm_svdquant_w4a4', 'sol_attn', 'stochastic_rounding_fp8', 'w4a8_int8_linear']}
[32m[INFO][0m Checkpoint files will always be loaded safely.
[32m[INFO][0m Total VRAM 16283 MB, total RAM 28652 MB
[32m[INFO][0m pytorch version: 2.14.0+cu130
[32m[INFO][0m Set vram state to: NORMAL_VRAM
[32m[INFO][0m Device: cuda:0 NVIDIA GeForce RTX 5060 Ti : cudaMallocAsync
[32m[INFO][0m Using async weight offloading with 2 streams
[32m[INFO][0m Enabled pinned memory 11460.0
[32m[INFO][0m Using pytorch attention
[32m[INFO][0m aimdo: src-win/cuda-detour.c:38:INFO:aimdo_setup_hooks: installing 6 hooks
[32m[INFO][0m aimdo: src/control.c:269:INFO:comfy-aimdo NVML pressure enabled
[32m[INFO][0m aimdo: src-win/shmem-detect.c:80:INFO:comfy-aimdo WDDM adapter match: NVIDIA GeForce RTX 
5060 Ti runtime_luid=00000000:00008278 dxgi_luid=00000000:00008278
[32m[INFO][0m aimdo: src/control.c:284:INFO:comfy-aimdo inited for GPU: NVIDIA GeForce RTX 5060 Ti (VRAM: 
16283 MB)
[32m[INFO][0m DynamicVRAM support detected and enabled
[32m[INFO][0m Python version: 3.12.10 (tags/v3.12.10:0cc8128, Apr  8 2025, 12:21:36) [MSC v.1943 64 bit 
(AMD64)]
[32m[INFO][0m ComfyUI version: 0.37.0
[32m[INFO][0m comfy-aimdo version: 0.5.5
[32m[INFO][0m comfy-kitchen version: 0.2.35
[32m[INFO][0m Setting temp directory to: C:\claude_lab\tmp\temp
[32m[INFO][0m comfyui-frontend-package version: 1.53.6
[32m[INFO][0m comfyui-workflow-templates version: 0.11.68
[32m[INFO][0m comfyui-embedded-docs version: 0.5.12
[32m[INFO][0m comfy-kitchen version: 0.2.35
[32m[INFO][0m comfy-aimdo version: 0.5.5
[32m[INFO][0m [Prompt Server] web root: 
C:\claude_lab\venv\Lib\site-packages\comfyui_frontend_package\static
[32m[INFO][0m Asset seeder disabled
C:\claude_lab\venv\Lib\site-packages\torch\jit\_script.py:1491: FutureWarning: `torch.jit.script` 
is deprecated. Please switch to `torch.compile` or `torch.export`.
  warnings.warn(
[32m[INFO][0m No OpenGL_accelerate module loaded: No module named 'OpenGL_accelerate'
[32m[INFO][0m 
Import times for custom nodes:
[32m[INFO][0m    0.0 seconds: C:\claude_lab\comfy\ComfyUI\custom_nodes\websocket_image_save.py
[32m[INFO][0m 
[32m[INFO][0m Context impl SQLiteImpl.
[32m[INFO][0m Will assume non-transactional DDL.
[32m[INFO][0m Using RAM pressure cache.
[32m[INFO][0m Starting server
[32m[INFO][0m To see the GUI go to: http://127.0.0.1:8288
[32m[INFO][0m got prompt
[32m[INFO][0m Model storage policy: fast_disk=False 
paths=['C:\\claude_lab\\comfy\\ComfyUI\\models\\audio_encoders\\sheetsage2_bf16.safetensors']
[32m[INFO][0m Requested to load SheetSage2
[32m[INFO][0m Model SheetSage2 prepared for dynamic VRAM loading. 1321MB Staged. 0 patches attached. 
Force pre-loaded 402 weights: 1403 KB.
SheetSage2 transcription:   0%|          | 0/5112 [00:00<?, ?token/s]
SheetSage2 transcription:   0%|          | 0/5112 [00:00<?, ?token/s,   Model Initializing ...  ]
SheetSage2 transcription:   0%|          | 0/5112 [00:00<?, ?token/s,  Model Initialization 
complete!  ]
SheetSage2 transcription:   0%|          | 1/5112 [00:00<08:48,  9.66token/s,  Model 
Initialization complete!  ]
SheetSage2 transcription:   0%|          | 1/5112 [00:00<08:48,  9.66token/s]                      
             
SheetSage2 transcription:   0%|          | 20/5112 [00:00<00:28, 181.53token/s]
SheetSage2 transcription:   1%|          | 40/5112 [00:00<00:25, 197.77token/s]
SheetSage2 transcription:   1%|1         | 61/5112 [00:00<00:24, 204.10token/s]
SheetSage2 transcription:   2%|1         | 82/5112 [00:00<00:24, 205.55token/s]
SheetSage2 transcription:   2%|2         | 103/5112 [00:00<00:24, 205.52token/s]
SheetSage2 transcription:   2%|2         | 124/5112 [00:00<00:24, 203.79token/s]
SheetSage2 transcription:   3%|2         | 145/5112 [00:00<00:24, 204.44token/s]
SheetSage2 transcription:   3%|3         | 166/5112 [00:00<00:24, 201.91token/s]
SheetSage2 transcription:   4%|3         | 187/5112 [00:01<00:24, 204.75token/s]
SheetSage2 transcription:   4%|4         | 208/5112 [00:01<00:23, 204.74token/s]
SheetSage2 transcription:   4%|4         | 229/5112 [00:01<00:23, 203.52token/s]
SheetSage2 transcription:   5%|4         | 250/5112 [00:01<00:23, 204.86token/s]
SheetSage2 transcription:   5%|5         | 271/5112 [00:01<00:23, 205.71token/s]
SheetSage2 transcription:   6%|5         | 292/5112 [00:01<00:23, 203.83token/s]
SheetSage2 transcription:   6%|6         | 313/5112 [00:01<00:23, 204.80token/s]
SheetSage2 transcription:   7%|6         | 334/5112 [00:01<00:23, 206.90token/s]
SheetSage2 transcription:   7%|6         | 355/5112 [00:01<00:23, 204.17token/s]
SheetSage2 transcription:   7%|7         | 376/5112 [00:01<00:23, 204.94token/s]
SheetSage2 transcription:   8%|7         | 397/5112 [00:02<00:23, 204.13token/s]
SheetSage2 transcription:   8%|8         | 418/5112 [00:02<00:22, 204.92token/s]
SheetSage2 transcription:   9%|8         | 439/5112 [00:02<00:22, 205.90token/s]
SheetSage2 transcription:   9%|8         | 460/5112 [00:02<00:22, 202.54token/s]
SheetSage2 transcription:   9%|9         | 481/5112 [00:02<00:22, 206.36token/s]
SheetSage2 transcription:  10%|9         | 502/5112 [00:02<00:22, 204.92token/s]
SheetSage2 transcription:  10%|#         | 523/5112 [00:02<00:22, 204.74token/s]
SheetSage2 transcription:  11%|#         | 544/5112 [00:02<00:22, 204.92token/s]
SheetSage2 transcription:  11%|#1        | 565/5112 [00:02<00:21, 206.83token/s]
SheetSage2 transcription:  11%|#1        | 586/5112 [00:02<00:22, 202.63token/s]
SheetSage2 transcription:  12%|#1        | 607/5112 [00:03<00:21, 205.54token/s]
SheetSage2 transcription:  12%|#2        | 628/5112 [00:03<00:21, 206.34token/s]
SheetSage2 transcription:  13%|#2        | 649/5112 [00:03<00:21, 202.97token/s]
SheetSage2 transcription:  13%|#3        | 670/5112 [00:03<00:21, 204.64token/s]
SheetSage2 transcription:  14%|#3        | 691/5112 [00:03<00:21, 203.83token/s]
SheetSage2 transcription:  14%|#3        | 712/5112 [00:03<00:21, 205.53token/s]
SheetSage2 transcription:  14%|#4        | 733/5112 [00:03<00:21, 203.82token/s]
SheetSage2 transcription:  15%|#4        | 754/5112 [00:03<00:21, 206.59token/s]
SheetSage2 transcription:  15%|#5        | 775/5112 [00:03<00:21, 205.23token/s]
SheetSage2 transcription:  16%|#5        | 796/5112 [00:04<00:21, 205.47token/s]
SheetSage2 transcription:  16%|#5        | 817/5112 [00:04<00:20, 206.46token/s]
SheetSage2 transcription:  16%|#6        | 838/5112 [00:04<00:20, 204.62token/s]
SheetSage2 transcription:  17%|#6        | 859/5112 [00:04<00:20, 204.80token/s]
SheetSage2 transcription:  17%|#7        | 880/5112 [00:04<00:20, 206.64token/s]
SheetSage2 transcription:  18%|#7        | 901/5112 [00:04<00:20, 205.66token/s]
SheetSage2 transcription:  18%|#8        | 922/5112 [00:04<00:20, 205.66token/s]
SheetSage2 transcription:  18%|#8        | 943/5112 [00:04<00:20, 205.84token/s]
SheetSage2 transcription:  19%|#8        | 964/5112 [00:04<00:20, 204.80token/s]
SheetSage2 transcription:  19%|#9        | 985/5112 [00:04<00:19, 207.82token/s]
SheetSage2 transcription:  20%|#9        | 1006/5112 [00:05<00:20, 205.06token/s]
SheetSage2 transcription:  20%|##        | 1027/5112 [00:05<00:19, 205.25token/s]
SheetSage2 transcription:  21%|##        | 1048/5112 [00:05<00:19, 204.17token/s]
SheetSage2 transcription:  21%|##        | 1069/5112 [00:05<00:19, 204.49token/s]
SheetSage2 transcription:  21%|##1       | 1090/5112 [00:05<00:19, 204.93token/s]
SheetSage2 transcription:  22%|##1       | 1111/5112 [00:05<00:19, 204.92token/s]
SheetSage2 transcription:  22%|##2       | 1132/5112 [00:05<00:19, 204.25token/s]
SheetSage2 transcription:  23%|##2       | 1153/5112 [00:05<00:19, 205.59token/s]
SheetSage2 transcription:  23%|##2       | 1174/5112 [00:05<00:19, 205.91token/s]
SheetSage2 transcription:  23%|##3       | 1195/5112 [00:05<00:19, 205.84token/s]
SheetSage2 transcription:  24%|##3       | 1216/5112 [00:06<00:18, 205.84token/s]
SheetSage2 transcription:  24%|##4       | 1237/5112 [00:06<00:18, 205.47token/s]
SheetSage2 transcription:  25%|##4       | 1258/5112 [00:06<00:18, 205.72token/s]
SheetSage2 transcription:  25%|##5       | 1279/5112 [00:06<00:18, 203.83token/s]
SheetSage2 transcription:  25%|##5       | 1300/5112 [00:06<00:18, 206.54token/s]
SheetSage2 transcription:  26%|##5       | 1321/5112 [00:06<00:18, 203.33token/s]
SheetSage2 transcription:  26%|##6       | 1342/5112 [00:06<00:18, 204.80token/s]
SheetSage2 transcription:  27%|##6       | 1363/5112 [00:06<00:18, 205.78token/s]
SheetSage2 transcription:  27%|##7       | 1384/5112 [00:06<00:18, 205.04token/s]
SheetSage2 transcription:  27%|##7       | 1405/5112 [00:06<00:18, 204.01token/s]
SheetSage2 transcription:  28%|##7       | 1426/5112 [00:07<00:17, 205.78token/s]
SheetSage2 transcription:  28%|##8       | 1447/5112 [00:07<00:17, 203.89token/s]
SheetSage2 transcription:  29%|##8       | 1468/5112 [00:07<00:17, 204.37token/s]
SheetSage2 transcription:  29%|##9       | 1489/5112 [00:07<00:17, 204.80token/s]
SheetSage2 transcription:  30%|##9       | 1510/5112 [00:07<00:17, 204.86token/s]
SheetSage2 transcription:  30%|##9       | 1531/5112 [00:07<00:17, 205.96token/s]
SheetSage2 transcription:  30%|###       | 1552/5112 [00:07<00:17, 205.66token/s]
SheetSage2 transcription:  31%|###       | 1573/5112 [00:07<00:17, 204.86token/s]
SheetSage2 transcription:  31%|###1      | 1594/5112 [00:07<00:17, 203.83token/s]
SheetSage2 transcription:  32%|###1      | 1615/5112 [00:07<00:16, 205.78token/s]
SheetSage2 transcription:  32%|###2      | 1636/5112 [00:08<00:16, 205.84token/s]
SheetSage2 transcription:  32%|###2      | 1657/5112 [00:08<00:16, 205.47token/s]
SheetSage2 transcription:  33%|###2      | 1678/5112 [00:08<00:16, 206.03token/s]
SheetSage2 transcription:  33%|###3      | 1699/5112 [00:08<00:16, 205.60token/s]
SheetSage2 transcription:  34%|###3      | 1720/5112 [00:08<00:16, 205.90token/s]
SheetSage2 transcription:  34%|###4      | 1741/5112 [00:08<00:16, 204.86token/s]
SheetSage2 transcription:  34%|###4      | 1762/5112 [00:08<00:16, 205.04token/s]
SheetSage2 transcription:  35%|###4      | 1783/5112 [00:08<00:16, 205.78token/s]
SheetSage2 transcription:  35%|###5      | 1804/5112 [00:08<00:16, 204.74token/s]
SheetSage2 transcription:  36%|###5      | 1825/5112 [00:09<00:15, 205.90token/s]
SheetSage2 transcription:  36%|###6      | 1846/5112 [00:09<00:15, 205.72token/s]
SheetSage2 transcription:  37%|###6      | 1867/5112 [00:09<00:15, 203.97token/s]
SheetSage2 transcription:  37%|###6      | 1888/5112 [00:09<00:15, 205.39token/s]
SheetSage2 transcription:  37%|###7      | 1909/5112 [00:09<00:15, 204.56token/s]
SheetSage2 transcription:  38%|###7      | 1930/5112 [00:09<00:15, 203.95token/s]
SheetSage2 transcription:  38%|###8      | 1951/5112 [00:09<00:15, 204.92token/s]
SheetSage2 transcription:  39%|###8      | 1972/5112 [00:09<00:15, 207.84token/s]
SheetSage2 transcription:  39%|###8      | 1993/5112 [00:09<00:15, 204.86token/s]
SheetSage2 transcription:  39%|###9      | 2014/5112 [00:09<00:15, 203.99token/s]
SheetSage2 transcription:  40%|###9      | 2035/5112 [00:10<00:14, 205.78token/s]
SheetSage2 transcription:  40%|####      | 2056/5112 [00:10<00:14, 204.67token/s]
SheetSage2 transcription:  41%|####      | 2077/5112 [00:10<00:14, 206.71token/s]
SheetSage2 transcription:  41%|####1     | 2098/5112 [00:10<00:14, 205.79token/s]
SheetSage2 transcription:  41%|####1     | 2119/5112 [00:10<00:14, 205.72token/s]
SheetSage2 transcription:  42%|####1     | 2140/5112 [00:10<00:14, 204.86token/s]
SheetSage2 transcription:  42%|####2     | 2161/5112 [00:10<00:14, 203.70token/s]
SheetSage2 transcription:  43%|####2     | 2182/5112 [00:10<00:14, 206.83token/s]
SheetSage2 transcription:  43%|####3     | 2203/5112 [00:10<00:14, 204.80token/s]
SheetSage2 transcription:  44%|####3     | 2224/5112 [00:10<00:14, 204.88token/s]
SheetSage2 transcription:  44%|####3     | 2245/5112 [00:11<00:13, 204.86token/s]
SheetSage2 transcription:  44%|####4     | 2256/5112 [00:11<00:14, 202.87token/s]
[32m[INFO][0m Comfy model compiler graph breaks: 0, rogues: 0
[32m[INFO][0m [32mPrompt executed in 30.53 seconds[0m
[32m[INFO][0m got prompt
[32m[INFO][0m Model SheetSage2 prepared for dynamic VRAM loading. 1321MB Staged. 0 patches attached. 
Force pre-loaded 402 weights: 1403 KB.
SheetSage2 transcription:   0%|          | 0/5112 [00:00<?, ?token/s]
SheetSage2 transcription:   0%|          | 0/5112 [00:00<?, ?token/s,   Model Initializing ...  ]
SheetSage2 transcription:   0%|          | 0/5112 [00:00<?, ?token/s,  Model Initialization 
complete!  ]
SheetSage2 transcription:   0%|          | 19/5112 [00:00<00:27, 188.38token/s,  Model 
Initialization complete!  ]
SheetSage2 transcription:   0%|          | 19/5112 [00:00<00:27, 188.38token/s]                    
               
SheetSage2 transcription:   1%|          | 40/5112 [00:00<00:25, 202.41token/s]
SheetSage2 transcription:   1%|1         | 61/5112 [00:00<00:24, 205.41token/s]
SheetSage2 transcription:   2%|1         | 82/5112 [00:00<00:24, 203.51token/s]
SheetSage2 transcription:   2%|2         | 103/5112 [00:00<00:24, 205.83token/s]
SheetSage2 transcription:   2%|2         | 124/5112 [00:00<00:24, 205.72token/s]
SheetSage2 transcription:   3%|2         | 145/5112 [00:00<00:24, 203.08token/s]
SheetSage2 transcription:   3%|3         | 166/5112 [00:00<00:24, 205.50token/s]
SheetSage2 transcription:   4%|3         | 187/5112 [00:00<00:24, 203.53token/s]
SheetSage2 transcription:   4%|4         | 208/5112 [00:01<00:23, 204.97token/s]
SheetSage2 transcription:   4%|4         | 229/5112 [00:01<00:23, 204.93token/s]
SheetSage2 transcription:   5%|4         | 250/5112 [00:01<00:23, 203.65token/s]
SheetSage2 transcription:   5%|5         | 271/5112 [00:01<00:23, 205.72token/s]
SheetSage2 transcription:   6%|5         | 292/5112 [00:01<00:23, 204.01token/s]
SheetSage2 transcription:   6%|6         | 313/5112 [00:01<00:23, 205.83token/s]
SheetSage2 transcription:   7%|6         | 334/5112 [00:01<00:23, 205.79token/s]
SheetSage2 transcription:   7%|6         | 355/5112 [00:01<00:23, 204.01token/s]
SheetSage2 transcription:   7%|7         | 376/5112 [00:01<00:23, 205.90token/s]
SheetSage2 transcription:   8%|7         | 397/5112 [00:01<00:23, 203.69token/s]
SheetSage2 transcription:   8%|8         | 418/5112 [00:02<00:23, 201.98token/s]
SheetSage2 transcription:   9%|8         | 439/5112 [00:02<00:22, 204.73token/s]
SheetSage2 transcription:   9%|8         | 460/5112 [00:02<00:22, 202.46token/s]
SheetSage2 transcription:   9%|9         | 481/5112 [00:02<00:22, 202.43token/s]
SheetSage2 transcription:  10%|9         | 502/5112 [00:02<00:22, 203.80token/s]
SheetSage2 transcription:  10%|#         | 523/5112 [00:02<00:22, 202.87token/s]
SheetSage2 transcription:  11%|#         | 544/5112 [00:02<00:22, 204.75token/s]
SheetSage2 transcription:  11%|#1        | 565/5112 [00:02<00:22, 203.89token/s]
SheetSage2 transcription:  11%|#1        | 586/5112 [00:02<00:22, 203.88token/s]
SheetSage2 transcription:  12%|#1        | 607/5112 [00:02<00:22, 201.73token/s]
SheetSage2 transcription:  12%|#2        | 628/5112 [00:03<00:21, 203.96token/s]
SheetSage2 transcription:  13%|#2        | 649/5112 [00:03<00:21, 205.85token/s]
SheetSage2 transcription:  13%|#3        | 670/5112 [00:03<00:21, 202.87token/s]
SheetSage2 transcription:  14%|#3        | 691/5112 [00:03<00:21, 203.83token/s]
SheetSage2 transcription:  14%|#3        | 712/5112 [00:03<00:21, 202.93token/s]
SheetSage2 transcription:  14%|#4        | 733/5112 [00:03<00:21, 203.71token/s]
SheetSage2 transcription:  15%|#4        | 754/5112 [00:03<00:21, 204.80token/s]
SheetSage2 transcription:  15%|#5        | 775/5112 [00:03<00:21, 203.89token/s]
SheetSage2 transcription:  16%|#5        | 796/5112 [00:03<00:21, 201.99token/s]
SheetSage2 transcription:  16%|#5        | 817/5112 [00:04<00:20, 204.97token/s]
SheetSage2 transcription:  16%|#6        | 838/5112 [00:04<00:21, 203.41token/s]
SheetSage2 transcription:  17%|#6        | 859/5112 [00:04<00:20, 202.98token/s]
SheetSage2 transcription:  17%|#7        | 880/5112 [00:04<00:20, 206.73token/s]
SheetSage2 transcription:  18%|#7        | 901/5112 [00:04<00:20, 203.75token/s]
SheetSage2 transcription:  18%|#8        | 922/5112 [00:04<00:20, 204.50token/s]
SheetSage2 transcription:  18%|#8        | 943/5112 [00:04<00:20, 204.50token/s]
SheetSage2 transcription:  19%|#8        | 964/5112 [00:04<00:20, 203.53token/s]
SheetSage2 transcription:  19%|#9        | 985/5112 [00:04<00:19, 206.39token/s]
SheetSage2 transcription:  20%|#9        | 1006/5112 [00:04<00:20, 202.99token/s]
SheetSage2 transcription:  20%|##        | 1027/5112 [00:05<00:19, 204.62token/s]
SheetSage2 transcription:  21%|##        | 1048/5112 [00:05<00:19, 203.64token/s]
SheetSage2 transcription:  21%|##        | 1069/5112 [00:05<00:19, 205.35token/s]
SheetSage2 transcription:  21%|##1       | 1090/5112 [00:05<00:19, 204.31token/s]
SheetSage2 transcription:  22%|##1       | 1111/5112 [00:05<00:19, 204.25token/s]
SheetSage2 transcription:  22%|##2       | 1132/5112 [00:05<00:19, 203.77token/s]
SheetSage2 transcription:  23%|##2       | 1153/5112 [00:05<00:19, 205.75token/s]
SheetSage2 transcription:  23%|##2       | 1174/5112 [00:05<00:19, 203.92token/s]
SheetSage2 transcription:  23%|##3       | 1195/5112 [00:05<00:19, 205.84token/s]
SheetSage2 transcription:  24%|##3       | 1216/5112 [00:05<00:19, 204.74token/s]
SheetSage2 transcription:  24%|##4       | 1237/5112 [00:06<00:18, 204.01token/s]
SheetSage2 transcription:  25%|##4       | 1258/5112 [00:06<00:18, 203.58token/s]
SheetSage2 transcription:  25%|##5       | 1279/5112 [00:06<00:18, 205.97token/s]
SheetSage2 transcription:  25%|##5       | 1300/5112 [00:06<00:18, 204.92token/s]
SheetSage2 transcription:  26%|##5       | 1321/5112 [00:06<00:18, 204.86token/s]
SheetSage2 transcription:  26%|##6       | 1342/5112 [00:06<00:18, 203.77token/s]
SheetSage2 transcription:  27%|##6       | 1363/5112 [00:06<00:18, 205.65token/s]
SheetSage2 transcription:  27%|##7       | 1384/5112 [00:06<00:18, 203.89token/s]
SheetSage2 transcription:  27%|##7       | 1405/5112 [00:06<00:18, 205.66token/s]
SheetSage2 transcription:  28%|##7       | 1426/5112 [00:06<00:18, 204.50token/s]
SheetSage2 transcription:  28%|##8       | 1447/5112 [00:07<00:17, 205.47token/s]
SheetSage2 transcription:  29%|##8       | 1468/5112 [00:07<00:17, 204.98token/s]
SheetSage2 transcription:  29%|##9       | 1489/5112 [00:07<00:17, 204.92token/s]
SheetSage2 transcription:  30%|##9       | 1510/5112 [00:07<00:17, 203.71token/s]
SheetSage2 transcription:  30%|##9       | 1531/5112 [00:07<00:17, 205.78token/s]
SheetSage2 transcription:  30%|###       | 1552/5112 [00:07<00:17, 204.01token/s]
SheetSage2 transcription:  31%|###       | 1573/5112 [00:07<00:17, 203.94token/s]
SheetSage2 transcription:  31%|###1      | 1594/5112 [00:07<00:17, 205.91token/s]
SheetSage2 transcription:  32%|###1      | 1615/5112 [00:07<00:17, 203.04token/s]
SheetSage2 transcription:  32%|###2      | 1636/5112 [00:08<00:16, 204.92token/s]
SheetSage2 transcription:  32%|###2      | 1657/5112 [00:08<00:16, 204.80token/s]
SheetSage2 transcription:  33%|###2      | 1678/5112 [00:08<00:16, 204.92token/s]
SheetSage2 transcription:  33%|###3      | 1699/5112 [00:08<00:16, 202.81token/s]
SheetSage2 transcription:  34%|###3      | 1720/5112 [00:08<00:16, 204.62token/s]
SheetSage2 transcription:  34%|###4      | 1741/5112 [00:08<00:16, 203.95token/s]
SheetSage2 transcription:  34%|###4      | 1762/5112 [00:08<00:16, 203.95token/s]
SheetSage2 transcription:  35%|###4      | 1783/5112 [00:08<00:16, 203.83token/s]
SheetSage2 transcription:  35%|###5      | 1804/5112 [00:08<00:16, 204.01token/s]
SheetSage2 transcription:  36%|###5      | 1825/5112 [00:08<00:16, 203.95token/s]
SheetSage2 transcription:  36%|###6      | 1846/5112 [00:09<00:15, 205.90token/s]
SheetSage2 transcription:  37%|###6      | 1867/5112 [00:09<00:15, 202.99token/s]
SheetSage2 transcription:  37%|###6      | 1888/5112 [00:09<00:15, 204.55token/s]
SheetSage2 transcription:  37%|###7      | 1909/5112 [00:09<00:15, 202.03token/s]
SheetSage2 transcription:  38%|###7      | 1930/5112 [00:09<00:15, 203.96token/s]
SheetSage2 transcription:  38%|###8      | 1951/5112 [00:09<00:15, 203.94token/s]
SheetSage2 transcription:  39%|###8      | 1972/5112 [00:09<00:15, 203.18token/s]
SheetSage2 transcription:  39%|###8      | 1993/5112 [00:09<00:15, 202.10token/s]
SheetSage2 transcription:  39%|###9      | 2014/5112 [00:09<00:15, 202.93token/s]
SheetSage2 transcription:  40%|###9      | 2035/5112 [00:09<00:15, 202.57token/s]
SheetSage2 transcription:  40%|####      | 2056/5112 [00:10<00:14, 204.11token/s]
SheetSage2 transcription:  41%|####      | 2077/5112 [00:10<00:14, 205.34token/s]
SheetSage2 transcription:  41%|####1     | 2098/5112 [00:10<00:14, 205.13token/s]
SheetSage2 transcription:  41%|####1     | 2119/5112 [00:10<00:14, 203.96token/s]
SheetSage2 transcription:  42%|####1     | 2140/5112 [00:10<00:14, 203.62token/s]
SheetSage2 transcription:  42%|####2     | 2161/5112 [00:10<00:14, 204.92token/s]
SheetSage2 transcription:  43%|####2     | 2182/5112 [00:10<00:14, 204.99token/s]
SheetSage2 transcription:  43%|####3     | 2203/5112 [00:10<00:14, 204.68token/s]
SheetSage2 transcription:  44%|####3     | 2224/5112 [00:10<00:14, 204.37token/s]
SheetSage2 transcription:  44%|####3     | 2245/5112 [00:11<00:14, 203.79token/s]
SheetSage2 transcription:  44%|####4     | 2266/5112 [00:11<00:13, 203.83token/s]
SheetSage2 transcription:  44%|####4     | 2271/5112 [00:11<00:13, 203.96token/s]
[32m[INFO][0m Comfy model compiler graph breaks: 0, rogues: 1
[32m[INFO][0m [32mPrompt executed in 12.06 seconds[0m
[32m[INFO][0m got prompt
[32m[INFO][0m Model SheetSage2 prepared for dynamic VRAM loading. 1321MB Staged. 0 patches attached. 
Force pre-loaded 402 weights: 1403 KB.
SheetSage2 transcription:   0%|          | 0/5112 [00:00<?, ?token/s]
SheetSage2 transcription:   0%|          | 0/5112 [00:00<?, ?token/s,   Model Initializing ...  ]
SheetSage2 transcription:   0%|          | 0/5112 [00:00<?, ?token/s,  Model Initialization 
complete!  ]
SheetSage2 transcription:   0%|          | 20/5112 [00:00<00:26, 192.74token/s,  Model 
Initialization complete!  ]
SheetSage2 transcription:   0%|          | 20/5112 [00:00<00:26, 192.74token/s]                    
               
SheetSage2 transcription:   1%|          | 41/5112 [00:00<00:24, 203.91token/s]
SheetSage2 transcription:   1%|1         | 62/5112 [00:00<00:24, 203.89token/s]
SheetSage2 transcription:   2%|1         | 83/5112 [00:00<00:24, 204.65token/s]
SheetSage2 transcription:   2%|2         | 104/5112 [00:00<00:24, 204.99token/s]
SheetSage2 transcription:   2%|2         | 125/5112 [00:00<00:24, 203.29token/s]
SheetSage2 transcription:   3%|2         | 146/5112 [00:00<00:24, 205.79token/s]
SheetSage2 transcription:   3%|3         | 167/5112 [00:00<00:24, 203.07token/s]
SheetSage2 transcription:   4%|3         | 188/5112 [00:00<00:24, 203.59token/s]
SheetSage2 transcription:   4%|4         | 209/5112 [00:01<00:24, 204.01token/s]
SheetSage2 transcription:   4%|4         | 230/5112 [00:01<00:23, 205.75token/s]
SheetSage2 transcription:   5%|4         | 251/5112 [00:01<00:23, 202.93token/s]
SheetSage2 transcription:   5%|5         | 272/5112 [00:01<00:23, 205.86token/s]
SheetSage2 transcription:   6%|5         | 293/5112 [00:01<00:23, 204.54token/s]
SheetSage2 transcription:   6%|6         | 314/5112 [00:01<00:23, 204.09token/s]
SheetSage2 transcription:   7%|6         | 335/5112 [00:01<00:23, 203.47token/s]
SheetSage2 transcription:   7%|6         | 356/5112 [00:01<00:23, 203.98token/s]
SheetSage2 transcription:   7%|7         | 377/5112 [00:01<00:23, 205.58token/s]
SheetSage2 transcription:   8%|7         | 398/5112 [00:01<00:23, 203.90token/s]
SheetSage2 transcription:   8%|8         | 419/5112 [00:02<00:23, 202.59token/s]
SheetSage2 transcription:   9%|8         | 440/5112 [00:02<00:22, 204.77token/s]
SheetSage2 transcription:   9%|9         | 461/5112 [00:02<00:22, 204.87token/s]
SheetSage2 transcription:   9%|9         | 482/5112 [00:02<00:22, 203.76token/s]
SheetSage2 transcription:  10%|9         | 503/5112 [00:02<00:22, 205.38token/s]
SheetSage2 transcription:  10%|#         | 524/5112 [00:02<00:22, 203.09token/s]
SheetSage2 transcription:  11%|#         | 545/5112 [00:02<00:22, 204.92token/s]
SheetSage2 transcription:  11%|#1        | 566/5112 [00:02<00:22, 204.31token/s]
SheetSage2 transcription:  11%|#1        | 587/5112 [00:02<00:22, 203.29token/s]
SheetSage2 transcription:  12%|#1        | 608/5112 [00:02<00:22, 203.95token/s]
SheetSage2 transcription:  12%|#2        | 629/5112 [00:03<00:22, 203.66token/s]
SheetSage2 transcription:  13%|#2        | 650/5112 [00:03<00:21, 204.72token/s]
SheetSage2 transcription:  13%|#3        | 671/5112 [00:03<00:21, 202.99token/s]
SheetSage2 transcription:  14%|#3        | 692/5112 [00:03<00:21, 204.74token/s]
SheetSage2 transcription:  14%|#3        | 713/5112 [00:03<00:21, 203.05token/s]
SheetSage2 transcription:  14%|#4        | 734/5112 [00:03<00:21, 202.87token/s]
SheetSage2 transcription:  15%|#4        | 755/5112 [00:03<00:21, 203.80token/s]
SheetSage2 transcription:  15%|#5        | 776/5112 [00:03<00:21, 204.95token/s]
SheetSage2 transcription:  16%|#5        | 797/5112 [00:03<00:21, 202.81token/s]
SheetSage2 transcription:  16%|#6        | 818/5112 [00:04<00:21, 203.89token/s]
SheetSage2 transcription:  16%|#6        | 839/5112 [00:04<00:20, 204.86token/s]
SheetSage2 transcription:  17%|#6        | 860/5112 [00:04<00:20, 202.69token/s]
SheetSage2 transcription:  17%|#7        | 881/5112 [00:04<00:20, 205.40token/s]
SheetSage2 transcription:  18%|#7        | 902/5112 [00:04<00:20, 205.85token/s]
SheetSage2 transcription:  18%|#8        | 923/5112 [00:04<00:20, 203.89token/s]
SheetSage2 transcription:  18%|#8        | 944/5112 [00:04<00:20, 204.07token/s]
SheetSage2 transcription:  19%|#8        | 965/5112 [00:04<00:20, 203.77token/s]
SheetSage2 transcription:  19%|#9        | 986/5112 [00:04<00:20, 205.78token/s]
SheetSage2 transcription:  20%|#9        | 1007/5112 [00:04<00:20, 204.74token/s]
SheetSage2 transcription:  20%|##        | 1028/5112 [00:05<00:19, 204.80token/s]
SheetSage2 transcription:  21%|##        | 1049/5112 [00:05<00:19, 204.07token/s]
SheetSage2 transcription:  21%|##        | 1070/5112 [00:05<00:19, 204.44token/s]
SheetSage2 transcription:  21%|##1       | 1091/5112 [00:05<00:19, 203.83token/s]
SheetSage2 transcription:  22%|##1       | 1112/5112 [00:05<00:19, 203.83token/s]
SheetSage2 transcription:  22%|##2       | 1133/5112 [00:05<00:19, 203.89token/s]
SheetSage2 transcription:  23%|##2       | 1154/5112 [00:05<00:19, 204.01token/s]
SheetSage2 transcription:  23%|##2       | 1175/5112 [00:05<00:19, 204.01token/s]
SheetSage2 transcription:  23%|##3       | 1196/5112 [00:05<00:19, 202.85token/s]
SheetSage2 transcription:  24%|##3       | 1217/5112 [00:05<00:19, 204.94token/s]
SheetSage2 transcription:  24%|##4       | 1238/5112 [00:06<00:18, 203.95token/s]
SheetSage2 transcription:  25%|##4       | 1259/5112 [00:06<00:18, 204.86token/s]
SheetSage2 transcription:  25%|##5       | 1280/5112 [00:06<00:18, 204.92token/s]
SheetSage2 transcription:  25%|##5       | 1301/5112 [00:06<00:18, 204.91token/s]
SheetSage2 transcription:  26%|##5       | 1322/5112 [00:06<00:18, 206.91token/s]
SheetSage2 transcription:  26%|##6       | 1343/5112 [00:06<00:18, 202.97token/s]
SheetSage2 transcription:  27%|##6       | 1364/5112 [00:06<00:18, 204.94token/s]
SheetSage2 transcription:  27%|##7       | 1385/5112 [00:06<00:18, 202.99token/s]
SheetSage2 transcription:  28%|##7       | 1406/5112 [00:06<00:18, 203.59token/s]
SheetSage2 transcription:  28%|##7       | 1427/5112 [00:06<00:17, 204.86token/s]
SheetSage2 transcription:  28%|##8       | 1448/5112 [00:07<00:17, 203.65token/s]
SheetSage2 transcription:  29%|##8       | 1469/5112 [00:07<00:17, 203.95token/s]
SheetSage2 transcription:  29%|##9       | 1490/5112 [00:07<00:17, 202.09token/s]
SheetSage2 transcription:  30%|##9       | 1511/5112 [00:07<00:17, 203.96token/s]
SheetSage2 transcription:  30%|##9       | 1532/5112 [00:07<00:17, 205.02token/s]
SheetSage2 transcription:  30%|###       | 1553/5112 [00:07<00:17, 203.74token/s]
SheetSage2 transcription:  31%|###       | 1574/5112 [00:07<00:17, 203.89token/s]
SheetSage2 transcription:  31%|###1      | 1595/5112 [00:07<00:17, 203.05token/s]
SheetSage2 transcription:  32%|###1      | 1616/5112 [00:07<00:17, 202.84token/s]
SheetSage2 transcription:  32%|###2      | 1637/5112 [00:08<00:17, 203.98token/s]
SheetSage2 transcription:  32%|###2      | 1658/5112 [00:08<00:16, 204.07token/s]
SheetSage2 transcription:  33%|###2      | 1679/5112 [00:08<00:16, 203.77token/s]
SheetSage2 transcription:  33%|###3      | 1700/5112 [00:08<00:16, 203.88token/s]
SheetSage2 transcription:  34%|###3      | 1721/5112 [00:08<00:16, 203.66token/s]
SheetSage2 transcription:  34%|###4      | 1742/5112 [00:08<00:16, 204.98token/s]
SheetSage2 transcription:  34%|###4      | 1763/5112 [00:08<00:16, 203.94token/s]
SheetSage2 transcription:  35%|###4      | 1784/5112 [00:08<00:16, 205.11token/s]
SheetSage2 transcription:  35%|###5      | 1805/5112 [00:08<00:16, 203.62token/s]
SheetSage2 transcription:  36%|###5      | 1826/5112 [00:08<00:16, 203.69token/s]
SheetSage2 transcription:  36%|###6      | 1847/5112 [00:09<00:16, 203.87token/s]
SheetSage2 transcription:  37%|###6      | 1868/5112 [00:09<00:15, 204.15token/s]
SheetSage2 transcription:  37%|###6      | 1889/5112 [00:09<00:15, 205.82token/s]
SheetSage2 transcription:  37%|###7      | 1910/5112 [00:09<00:15, 202.63token/s]
SheetSage2 transcription:  38%|###7      | 1931/5112 [00:09<00:15, 205.84token/s]
SheetSage2 transcription:  38%|###8      | 1952/5112 [00:09<00:15, 202.75token/s]
SheetSage2 transcription:  39%|###8      | 1973/5112 [00:09<00:15, 205.35token/s]
SheetSage2 transcription:  39%|###9      | 1994/5112 [00:09<00:15, 204.41token/s]
SheetSage2 transcription:  39%|###9      | 2015/5112 [00:09<00:15, 202.81token/s]
SheetSage2 transcription:  40%|###9      | 2036/5112 [00:09<00:14, 205.59token/s]
SheetSage2 transcription:  40%|####      | 2057/5112 [00:10<00:15, 203.28token/s]
SheetSage2 transcription:  41%|####      | 2078/5112 [00:10<00:14, 204.26token/s]
SheetSage2 transcription:  41%|####1     | 2099/5112 [00:10<00:14, 205.41token/s]
SheetSage2 transcription:  41%|####1     | 2120/5112 [00:10<00:14, 203.73token/s]
SheetSage2 transcription:  42%|####1     | 2141/5112 [00:10<00:14, 203.05token/s]
SheetSage2 transcription:  42%|####2     | 2158/5112 [00:10<00:14, 203.96token/s]
[32m[INFO][0m Comfy model compiler graph breaks: 0, rogues: 1
[32m[INFO][0m [32mPrompt executed in 11.62 seconds[0m
[32m[INFO][0m got prompt
[32m[INFO][0m Model SheetSage2 prepared for dynamic VRAM loading. 1321MB Staged. 0 patches attached. 
Force pre-loaded 402 weights: 1403 KB.
SheetSage2 transcription:   0%|          | 0/5112 [00:00<?, ?token/s]
SheetSage2 transcription:   0%|          | 0/5112 [00:00<?, ?token/s,   Model Initializing ...  ]
SheetSage2 transcription:   0%|          | 0/5112 [00:00<?, ?token/s,  Model Initialization 
complete!  ]
SheetSage2 transcription:   0%|          | 19/5112 [00:00<00:26, 189.01token/s,  Model 
Initialization complete!  ]
SheetSage2 transcription:   0%|          | 19/5112 [00:00<00:26, 189.01token/s]                    
               
SheetSage2 transcription:   1%|          | 40/5112 [00:00<00:24, 205.90token/s]
SheetSage2 transcription:   1%|1         | 61/5112 [00:00<00:24, 203.71token/s]
SheetSage2 transcription:   2%|1         | 82/5112 [00:00<00:24, 205.66token/s]
SheetSage2 transcription:   2%|2         | 103/5112 [00:00<00:24, 203.94token/s]
SheetSage2 transcription:   2%|2         | 124/5112 [00:00<00:24, 203.95token/s]
SheetSage2 transcription:   3%|2         | 145/5112 [00:00<00:24, 203.90token/s]
SheetSage2 transcription:   3%|3         | 166/5112 [00:00<00:24, 203.91token/s]
SheetSage2 transcription:   4%|3         | 187/5112 [00:00<00:24, 204.05token/s]
SheetSage2 transcription:   4%|4         | 208/5112 [00:01<00:24, 204.01token/s]
SheetSage2 transcription:   4%|4         | 229/5112 [00:01<00:23, 205.90token/s]
SheetSage2 transcription:   5%|4         | 250/5112 [00:01<00:23, 205.97token/s]
SheetSage2 transcription:   5%|5         | 271/5112 [00:01<00:23, 203.89token/s]
SheetSage2 transcription:   6%|5         | 292/5112 [00:01<00:23, 204.86token/s]
SheetSage2 transcription:   6%|6         | 313/5112 [00:01<00:23, 204.86token/s]
SheetSage2 transcription:   7%|6         | 334/5112 [00:01<00:23, 205.97token/s]
SheetSage2 transcription:   7%|6         | 355/5112 [00:01<00:23, 204.86token/s]
SheetSage2 transcription:   7%|7         | 376/5112 [00:01<00:23, 202.98token/s]
SheetSage2 transcription:   8%|7         | 397/5112 [00:01<00:22, 206.96token/s]
SheetSage2 transcription:   8%|8         | 418/5112 [00:02<00:22, 205.04token/s]
SheetSage2 transcription:   9%|8         | 439/5112 [00:02<00:22, 206.48token/s]
SheetSage2 transcription:   9%|8         | 460/5112 [00:02<00:22, 205.70token/s]
SheetSage2 transcription:   9%|9         | 481/5112 [00:02<00:22, 203.05token/s]
SheetSage2 transcription:  10%|9         | 502/5112 [00:02<00:22, 203.83token/s]
SheetSage2 transcription:  10%|#         | 523/5112 [00:02<00:22, 205.91token/s]
SheetSage2 transcription:  11%|#         | 544/5112 [00:02<00:22, 203.77token/s]
SheetSage2 transcription:  11%|#1        | 565/5112 [00:02<00:22, 205.97token/s]
SheetSage2 transcription:  11%|#1        | 586/5112 [00:02<00:22, 204.01token/s]
SheetSage2 transcription:  12%|#1        | 607/5112 [00:02<00:21, 204.86token/s]
SheetSage2 transcription:  12%|#2        | 628/5112 [00:03<00:21, 204.98token/s]
SheetSage2 transcription:  13%|#2        | 649/5112 [00:03<00:21, 205.78token/s]
SheetSage2 transcription:  13%|#3        | 670/5112 [00:03<00:21, 204.07token/s]
SheetSage2 transcription:  14%|#3        | 691/5112 [00:03<00:21, 204.07token/s]
SheetSage2 transcription:  14%|#3        | 712/5112 [00:03<00:21, 202.74token/s]
SheetSage2 transcription:  14%|#4        | 733/5112 [00:03<00:21, 204.92token/s]
SheetSage2 transcription:  15%|#4        | 754/5112 [00:03<00:21, 206.91token/s]
SheetSage2 transcription:  15%|#5        | 775/5112 [00:03<00:21, 204.50token/s]
SheetSage2 transcription:  16%|#5        | 796/5112 [00:03<00:21, 203.83token/s]
SheetSage2 transcription:  16%|#5        | 817/5112 [00:03<00:20, 205.72token/s]
SheetSage2 transcription:  16%|#6        | 838/5112 [00:04<00:20, 203.83token/s]
SheetSage2 transcription:  17%|#6        | 859/5112 [00:04<00:20, 205.96token/s]
SheetSage2 transcription:  17%|#7        | 880/5112 [00:04<00:20, 203.76token/s]
SheetSage2 transcription:  18%|#7        | 901/5112 [00:04<00:20, 203.96token/s]
SheetSage2 transcription:  18%|#8        | 922/5112 [00:04<00:20, 203.53token/s]
SheetSage2 transcription:  18%|#8        | 943/5112 [00:04<00:20, 204.80token/s]
SheetSage2 transcription:  19%|#8        | 964/5112 [00:04<00:20, 204.86token/s]
SheetSage2 transcription:  19%|#9        | 985/5112 [00:04<00:20, 204.98token/s]
SheetSage2 transcription:  20%|#9        | 1006/5112 [00:04<00:20, 204.86token/s]
SheetSage2 transcription:  20%|##        | 1027/5112 [00:05<00:19, 206.77token/s]
SheetSage2 transcription:  21%|##        | 1048/5112 [00:05<00:19, 203.90token/s]
SheetSage2 transcription:  21%|##        | 1069/5112 [00:05<00:19, 205.16token/s]
SheetSage2 transcription:  21%|##1       | 1090/5112 [00:05<00:19, 205.95token/s]
SheetSage2 transcription:  22%|##1       | 1111/5112 [00:05<00:19, 202.54token/s]
SheetSage2 transcription:  22%|##2       | 1132/5112 [00:05<00:19, 205.40token/s]
SheetSage2 transcription:  23%|##2       | 1153/5112 [00:05<00:19, 205.72token/s]
SheetSage2 transcription:  23%|##2       | 1174/5112 [00:05<00:19, 204.80token/s]
SheetSage2 transcription:  23%|##3       | 1195/5112 [00:05<00:18, 206.83token/s]
SheetSage2 transcription:  24%|##3       | 1216/5112 [00:05<00:18, 205.91token/s]
SheetSage2 transcription:  24%|##4       | 1237/5112 [00:06<00:18, 205.89token/s]
SheetSage2 transcription:  25%|##4       | 1258/5112 [00:06<00:18, 204.69token/s]
SheetSage2 transcription:  25%|##5       | 1279/5112 [00:06<00:18, 205.83token/s]
SheetSage2 transcription:  25%|##5       | 1300/5112 [00:06<00:18, 206.90token/s]
SheetSage2 transcription:  26%|##5       | 1321/5112 [00:06<00:18, 204.62token/s]
SheetSage2 transcription:  26%|##6       | 1342/5112 [00:06<00:18, 205.90token/s]
SheetSage2 transcription:  27%|##6       | 1363/5112 [00:06<00:18, 203.50token/s]
SheetSage2 transcription:  27%|##7       | 1384/5112 [00:06<00:18, 206.18token/s]
SheetSage2 transcription:  27%|##7       | 1405/5112 [00:06<00:18, 203.95token/s]
SheetSage2 transcription:  28%|##7       | 1426/5112 [00:06<00:17, 205.72token/s]
SheetSage2 transcription:  28%|##8       | 1447/5112 [00:07<00:17, 205.60token/s]
SheetSage2 transcription:  29%|##8       | 1468/5112 [00:07<00:17, 203.89token/s]
SheetSage2 transcription:  29%|##9       | 1489/5112 [00:07<00:17, 205.78token/s]
SheetSage2 transcription:  30%|##9       | 1510/5112 [00:07<00:17, 202.45token/s]
SheetSage2 transcription:  30%|##9       | 1531/5112 [00:07<00:17, 205.57token/s]
SheetSage2 transcription:  30%|###       | 1552/5112 [00:07<00:17, 205.36token/s]
SheetSage2 transcription:  31%|###       | 1573/5112 [00:07<00:17, 203.90token/s]
SheetSage2 transcription:  31%|###1      | 1594/5112 [00:07<00:17, 204.91token/s]
SheetSage2 transcription:  32%|###1      | 1615/5112 [00:07<00:17, 203.42token/s]
SheetSage2 transcription:  32%|###2      | 1636/5112 [00:07<00:16, 205.77token/s]
SheetSage2 transcription:  32%|###2      | 1657/5112 [00:08<00:16, 203.90token/s]
SheetSage2 transcription:  33%|###2      | 1678/5112 [00:08<00:16, 203.59token/s]
SheetSage2 transcription:  33%|###3      | 1699/5112 [00:08<00:16, 206.65token/s]
SheetSage2 transcription:  34%|###3      | 1720/5112 [00:08<00:16, 203.95token/s]
SheetSage2 transcription:  34%|###4      | 1741/5112 [00:08<00:16, 204.79token/s]
SheetSage2 transcription:  34%|###4      | 1762/5112 [00:08<00:16, 204.86token/s]
SheetSage2 transcription:  35%|###4      | 1783/5112 [00:08<00:16, 205.73token/s]
SheetSage2 transcription:  35%|###5      | 1804/5112 [00:08<00:16, 203.64token/s]
SheetSage2 transcription:  36%|###5      | 1825/5112 [00:08<00:15, 205.98token/s]
SheetSage2 transcription:  36%|###6      | 1846/5112 [00:09<00:15, 205.89token/s]
SheetSage2 transcription:  37%|###6      | 1867/5112 [00:09<00:15, 203.90token/s]
SheetSage2 transcription:  37%|###6      | 1888/5112 [00:09<00:15, 204.80token/s]
SheetSage2 transcription:  37%|###7      | 1909/5112 [00:09<00:15, 205.91token/s]
SheetSage2 transcription:  38%|###7      | 1930/5112 [00:09<00:15, 203.69token/s]
SheetSage2 transcription:  38%|###8      | 1951/5112 [00:09<00:15, 204.81token/s]
SheetSage2 transcription:  39%|###8      | 1972/5112 [00:09<00:15, 205.60token/s]
SheetSage2 transcription:  39%|###8      | 1993/5112 [00:09<00:15, 204.74token/s]
SheetSage2 transcription:  39%|###9      | 2014/5112 [00:09<00:15, 203.65token/s]
SheetSage2 transcription:  40%|###9      | 2035/5112 [00:09<00:14, 205.52token/s]
SheetSage2 transcription:  40%|####      | 2056/5112 [00:10<00:14, 204.68token/s]
SheetSage2 transcription:  41%|####      | 2077/5112 [00:10<00:14, 205.60token/s]
SheetSage2 transcription:  41%|####1     | 2098/5112 [00:10<00:14, 205.47token/s]
SheetSage2 transcription:  41%|####1     | 2119/5112 [00:10<00:14, 203.70token/s]
SheetSage2 transcription:  42%|####1     | 2140/5112 [00:10<00:14, 204.32token/s]
SheetSage2 transcription:  42%|####2     | 2161/5112 [00:10<00:14, 206.66token/s]
SheetSage2 transcription:  43%|####2     | 2182/5112 [00:10<00:14, 205.34token/s]
SheetSage2 transcription:  43%|####3     | 2203/5112 [00:10<00:14, 205.30token/s]
SheetSage2 transcription:  44%|####3     | 2224/5112 [00:10<00:14, 203.65token/s]
SheetSage2 transcription:  44%|####3     | 2245/5112 [00:10<00:13, 206.31token/s]
SheetSage2 transcription:  44%|####4     | 2266/5112 [00:11<00:13, 205.54token/s]
SheetSage2 transcription:  45%|####4     | 2280/5112 [00:11<00:13, 204.63token/s]
[32m[INFO][0m Comfy model compiler graph breaks: 0, rogues: 1
[32m[INFO][0m [32mPrompt executed in 12.18 seconds[0m
[32m[INFO][0m got prompt
[32m[INFO][0m Model SheetSage2 prepared for dynamic VRAM loading. 1321MB Staged. 0 patches attached. 
Force pre-loaded 402 weights: 1403 KB.
SheetSage2 transcription:   0%|          | 0/5112 [00:00<?, ?token/s]
SheetSage2 transcription:   0%|          | 0/5112 [00:00<?, ?token/s,   Model Initializing ...  ]
SheetSage2 transcription:   0%|          | 0/5112 [00:00<?, ?token/s,  Model Initialization 
complete!  ]
SheetSage2 transcription:   0%|          | 20/5112 [00:00<00:26, 192.18token/s,  Model 
Initialization complete!  ]
SheetSage2 transcription:   0%|          | 20/5112 [00:00<00:26, 192.18token/s]                    
               
SheetSage2 transcription:   1%|          | 41/5112 [00:00<00:24, 204.97token/s]
SheetSage2 transcription:   1%|1         | 62/5112 [00:00<00:24, 203.79token/s]
SheetSage2 transcription:   2%|1         | 83/5112 [00:00<00:24, 202.80token/s]
SheetSage2 transcription:   2%|2         | 104/5112 [00:00<00:24, 204.20token/s]
SheetSage2 transcription:   2%|2         | 125/5112 [00:00<00:24, 203.47token/s]
SheetSage2 transcription:   3%|2         | 146/5112 [00:00<00:24, 205.31token/s]
SheetSage2 transcription:   3%|3         | 167/5112 [00:00<00:24, 203.21token/s]
SheetSage2 transcription:   4%|3         | 188/5112 [00:00<00:24, 203.89token/s]
SheetSage2 transcription:   4%|4         | 209/5112 [00:01<00:23, 205.96token/s]
SheetSage2 transcription:   4%|4         | 230/5112 [00:01<00:23, 204.92token/s]
SheetSage2 transcription:   5%|4         | 251/5112 [00:01<00:23, 205.66token/s]
SheetSage2 transcription:   5%|5         | 272/5112 [00:01<00:23, 203.16token/s]
SheetSage2 transcription:   6%|5         | 293/5112 [00:01<00:23, 203.06token/s]
SheetSage2 transcription:   6%|6         | 314/5112 [00:01<00:23, 203.95token/s]
SheetSage2 transcription:   7%|6         | 335/5112 [00:01<00:23, 205.90token/s]
SheetSage2 transcription:   7%|6         | 356/5112 [00:01<00:23, 203.95token/s]
SheetSage2 transcription:   7%|7         | 377/5112 [00:01<00:23, 203.96token/s]
SheetSage2 transcription:   8%|7         | 398/5112 [00:01<00:23, 203.95token/s]
SheetSage2 transcription:   8%|8         | 419/5112 [00:02<00:22, 204.38token/s]
SheetSage2 transcription:   9%|8         | 440/5112 [00:02<00:22, 204.37token/s]
SheetSage2 transcription:   9%|9         | 461/5112 [00:02<00:22, 203.65token/s]
SheetSage2 transcription:   9%|9         | 482/5112 [00:02<00:22, 203.77token/s]
SheetSage2 transcription:  10%|9         | 503/5112 [00:02<00:22, 203.47token/s]
SheetSage2 transcription:  10%|#         | 524/5112 [00:02<00:22, 201.97token/s]
SheetSage2 transcription:  11%|#         | 545/5112 [00:02<00:22, 205.90token/s]
SheetSage2 transcription:  11%|#1        | 566/5112 [00:02<00:22, 203.77token/s]
SheetSage2 transcription:  11%|#1        | 587/5112 [00:02<00:22, 203.76token/s]
SheetSage2 transcription:  12%|#1        | 608/5112 [00:02<00:22, 202.29token/s]
SheetSage2 transcription:  12%|#2        | 629/5112 [00:03<00:21, 205.60token/s]
SheetSage2 transcription:  13%|#2        | 650/5112 [00:03<00:21, 203.62token/s]
SheetSage2 transcription:  13%|#3        | 671/5112 [00:03<00:21, 204.99token/s]
SheetSage2 transcription:  14%|#3        | 692/5112 [00:03<00:21, 203.77token/s]
SheetSage2 transcription:  14%|#3        | 713/5112 [00:03<00:21, 203.89token/s]
SheetSage2 transcription:  14%|#4        | 734/5112 [00:03<00:21, 202.09token/s]
SheetSage2 transcription:  15%|#4        | 755/5112 [00:03<00:21, 203.28token/s]
SheetSage2 transcription:  15%|#5        | 776/5112 [00:03<00:21, 205.77token/s]
SheetSage2 transcription:  16%|#5        | 797/5112 [00:03<00:21, 203.73token/s]
SheetSage2 transcription:  16%|#6        | 818/5112 [00:04<00:21, 203.95token/s]
SheetSage2 transcription:  16%|#6        | 839/5112 [00:04<00:20, 204.01token/s]
SheetSage2 transcription:  17%|#6        | 860/5112 [00:04<00:21, 201.92token/s]
SheetSage2 transcription:  17%|#7        | 881/5112 [00:04<00:20, 205.97token/s]
SheetSage2 transcription:  18%|#7        | 902/5112 [00:04<00:20, 201.95token/s]
SheetSage2 transcription:  18%|#8        | 923/5112 [00:04<00:20, 204.15token/s]
SheetSage2 transcription:  18%|#8        | 944/5112 [00:04<00:20, 204.98token/s]
SheetSage2 transcription:  19%|#8        | 965/5112 [00:04<00:20, 202.99token/s]
SheetSage2 transcription:  19%|#9        | 986/5112 [00:04<00:20, 205.42token/s]
SheetSage2 transcription:  20%|#9        | 1007/5112 [00:04<00:20, 203.65token/s]
SheetSage2 transcription:  20%|##        | 1028/5112 [00:05<00:19, 204.38token/s]
SheetSage2 transcription:  21%|##        | 1049/5112 [00:05<00:19, 204.47token/s]
SheetSage2 transcription:  21%|##        | 1070/5112 [00:05<00:19, 202.71token/s]
SheetSage2 transcription:  21%|##1       | 1091/5112 [00:05<00:19, 205.80token/s]
SheetSage2 transcription:  22%|##1       | 1112/5112 [00:05<00:19, 203.68token/s]
SheetSage2 transcription:  22%|##2       | 1133/5112 [00:05<00:19, 202.76token/s]
SheetSage2 transcription:  23%|##2       | 1154/5112 [00:05<00:19, 205.77token/s]
SheetSage2 transcription:  23%|##2       | 1175/5112 [00:05<00:19, 203.90token/s]
SheetSage2 transcription:  23%|##3       | 1196/5112 [00:05<00:19, 205.78token/s]
SheetSage2 transcription:  24%|##3       | 1217/5112 [00:05<00:19, 204.01token/s]
SheetSage2 transcription:  24%|##4       | 1238/5112 [00:06<00:19, 203.74token/s]
SheetSage2 transcription:  25%|##4       | 1259/5112 [00:06<00:18, 204.04token/s]
SheetSage2 transcription:  25%|##5       | 1280/5112 [00:06<00:18, 203.65token/s]
SheetSage2 transcription:  25%|##5       | 1301/5112 [00:06<00:18, 203.57token/s]
SheetSage2 transcription:  26%|##5       | 1322/5112 [00:06<00:18, 205.55token/s]
SheetSage2 transcription:  26%|##6       | 1343/5112 [00:06<00:18, 204.86token/s]
SheetSage2 transcription:  27%|##6       | 1364/5112 [00:06<00:18, 203.82token/s]
SheetSage2 transcription:  27%|##7       | 1385/5112 [00:06<00:18, 203.89token/s]
SheetSage2 transcription:  28%|##7       | 1406/5112 [00:06<00:18, 203.77token/s]
SheetSage2 transcription:  28%|##7       | 1427/5112 [00:06<00:18, 204.07token/s]
SheetSage2 transcription:  28%|##8       | 1448/5112 [00:07<00:17, 203.83token/s]
SheetSage2 transcription:  29%|##8       | 1469/5112 [00:07<00:17, 205.97token/s]
SheetSage2 transcription:  29%|##9       | 1490/5112 [00:07<00:17, 202.92token/s]
SheetSage2 transcription:  30%|##9       | 1511/5112 [00:07<00:17, 202.81token/s]
SheetSage2 transcription:  30%|##9       | 1532/5112 [00:07<00:17, 203.77token/s]
SheetSage2 transcription:  30%|###       | 1553/5112 [00:07<00:17, 203.16token/s]
SheetSage2 transcription:  31%|###       | 1574/5112 [00:07<00:17, 204.43token/s]
SheetSage2 transcription:  31%|###1      | 1595/5112 [00:07<00:17, 203.96token/s]
SheetSage2 transcription:  32%|###1      | 1616/5112 [00:07<00:17, 203.89token/s]
SheetSage2 transcription:  32%|###2      | 1637/5112 [00:08<00:16, 206.70token/s]
SheetSage2 transcription:  32%|###2      | 1658/5112 [00:08<00:17, 202.99token/s]
SheetSage2 transcription:  33%|###2      | 1679/5112 [00:08<00:16, 205.18token/s]
SheetSage2 transcription:  33%|###3      | 1700/5112 [00:08<00:16, 202.97token/s]
SheetSage2 transcription:  34%|###3      | 1721/5112 [00:08<00:16, 203.96token/s]
SheetSage2 transcription:  34%|###4      | 1742/5112 [00:08<00:16, 205.72token/s]
SheetSage2 transcription:  34%|###4      | 1763/5112 [00:08<00:16, 203.82token/s]
SheetSage2 transcription:  35%|###4      | 1784/5112 [00:08<00:16, 203.66token/s]
SheetSage2 transcription:  35%|###5      | 1805/5112 [00:08<00:16, 205.78token/s]
SheetSage2 transcription:  36%|###5      | 1826/5112 [00:08<00:16, 203.89token/s]
SheetSage2 transcription:  36%|###6      | 1847/5112 [00:09<00:16, 203.88token/s]
SheetSage2 transcription:  37%|###6      | 1868/5112 [00:09<00:15, 207.90token/s]
SheetSage2 transcription:  37%|###6      | 1889/5112 [00:09<00:15, 205.84token/s]
SheetSage2 transcription:  37%|###7      | 1910/5112 [00:09<00:15, 201.91token/s]
SheetSage2 transcription:  38%|###7      | 1931/5112 [00:09<00:15, 203.83token/s]
SheetSage2 transcription:  38%|###8      | 1952/5112 [00:09<00:15, 204.92token/s]
SheetSage2 transcription:  39%|###8      | 1973/5112 [00:09<00:15, 204.89token/s]
SheetSage2 transcription:  39%|###9      | 1994/5112 [00:09<00:15, 205.80token/s]
SheetSage2 transcription:  39%|###9      | 2015/5112 [00:09<00:15, 205.26token/s]
SheetSage2 transcription:  40%|###9      | 2036/5112 [00:09<00:15, 204.84token/s]
SheetSage2 transcription:  40%|####      | 2057/5112 [00:10<00:14, 205.91token/s]
SheetSage2 transcription:  41%|####      | 2078/5112 [00:10<00:14, 205.79token/s]
SheetSage2 transcription:  41%|####1     | 2099/5112 [00:10<00:14, 203.89token/s]
SheetSage2 transcription:  41%|####1     | 2120/5112 [00:10<00:14, 205.65token/s]
SheetSage2 transcription:  42%|####1     | 2141/5112 [00:10<00:14, 204.07token/s]
SheetSage2 transcription:  42%|####2     | 2162/5112 [00:10<00:14, 205.83token/s]
SheetSage2 transcription:  43%|####2     | 2183/5112 [00:10<00:14, 205.98token/s]
SheetSage2 transcription:  43%|####3     | 2204/5112 [00:10<00:14, 203.89token/s]
SheetSage2 transcription:  44%|####3     | 2225/5112 [00:10<00:14, 203.83token/s]
SheetSage2 transcription:  44%|####3     | 2246/5112 [00:11<00:13, 205.97token/s]
SheetSage2 transcription:  44%|####4     | 2265/5112 [00:11<00:13, 204.10token/s]
[32m[INFO][0m Comfy model compiler graph breaks: 0, rogues: 1
[32m[INFO][0m [32mPrompt executed in 12.12 seconds[0m
[32m[INFO][0m got prompt
[32m[INFO][0m Model SheetSage2 prepared for dynamic VRAM loading. 1321MB Staged. 0 patches attached. 
Force pre-loaded 402 weights: 1403 KB.
SheetSage2 transcription:   0%|          | 0/5112 [00:00<?, ?token/s]
SheetSage2 transcription:   0%|          | 0/5112 [00:00<?, ?token/s,   Model Initializing ...  ]
SheetSage2 transcription:   0%|          | 0/5112 [00:00<?, ?token/s,  Model Initialization 
complete!  ]
SheetSage2 transcription:   0%|          | 19/5112 [00:00<00:27, 184.42token/s,  Model 
Initialization complete!  ]
SheetSage2 transcription:   0%|          | 19/5112 [00:00<00:27, 184.42token/s]                    
               
SheetSage2 transcription:   1%|          | 40/5112 [00:00<00:24, 203.77token/s]
SheetSage2 transcription:   1%|1         | 61/5112 [00:00<00:24, 204.86token/s]
SheetSage2 transcription:   2%|1         | 82/5112 [00:00<00:24, 203.89token/s]
SheetSage2 transcription:   2%|2         | 103/5112 [00:00<00:24, 203.58token/s]
SheetSage2 transcription:   2%|2         | 124/5112 [00:00<00:24, 204.38token/s]
SheetSage2 transcription:   3%|2         | 145/5112 [00:00<00:24, 204.74token/s]
SheetSage2 transcription:   3%|3         | 166/5112 [00:00<00:24, 203.94token/s]
SheetSage2 transcription:   4%|3         | 187/5112 [00:00<00:24, 203.78token/s]
SheetSage2 transcription:   4%|4         | 208/5112 [00:01<00:23, 206.71token/s]
SheetSage2 transcription:   4%|4         | 229/5112 [00:01<00:23, 203.95token/s]
SheetSage2 transcription:   5%|4         | 250/5112 [00:01<00:23, 204.92token/s]
SheetSage2 transcription:   5%|5         | 271/5112 [00:01<00:23, 204.84token/s]
SheetSage2 transcription:   6%|5         | 292/5112 [00:01<00:23, 204.88token/s]
SheetSage2 transcription:   6%|6         | 313/5112 [00:01<00:23, 203.89token/s]
SheetSage2 transcription:   7%|6         | 334/5112 [00:01<00:23, 204.94token/s]
SheetSage2 transcription:   7%|6         | 355/5112 [00:01<00:23, 205.33token/s]
SheetSage2 transcription:   7%|7         | 376/5112 [00:01<00:23, 202.74token/s]
SheetSage2 transcription:   8%|7         | 397/5112 [00:01<00:23, 204.81token/s]
SheetSage2 transcription:   8%|8         | 418/5112 [00:02<00:23, 202.93token/s]
SheetSage2 transcription:   9%|8         | 439/5112 [00:02<00:22, 204.25token/s]
SheetSage2 transcription:   9%|8         | 460/5112 [00:02<00:22, 204.68token/s]
SheetSage2 transcription:   9%|9         | 481/5112 [00:02<00:22, 203.22token/s]
SheetSage2 transcription:  10%|9         | 502/5112 [00:02<00:22, 203.89token/s]
SheetSage2 transcription:  10%|#         | 523/5112 [00:02<00:22, 203.64token/s]
SheetSage2 transcription:  11%|#         | 544/5112 [00:02<00:22, 205.66token/s]
SheetSage2 transcription:  11%|#1        | 565/5112 [00:02<00:22, 203.77token/s]
SheetSage2 transcription:  11%|#1        | 586/5112 [00:02<00:22, 203.88token/s]
SheetSage2 transcription:  12%|#1        | 607/5112 [00:02<00:21, 204.94token/s]
SheetSage2 transcription:  12%|#2        | 628/5112 [00:03<00:21, 204.86token/s]
SheetSage2 transcription:  13%|#2        | 649/5112 [00:03<00:21, 205.63token/s]
SheetSage2 transcription:  13%|#3        | 670/5112 [00:03<00:21, 204.31token/s]
SheetSage2 transcription:  14%|#3        | 691/5112 [00:03<00:21, 204.32token/s]
SheetSage2 transcription:  14%|#3        | 712/5112 [00:03<00:21, 205.22token/s]
SheetSage2 transcription:  14%|#4        | 733/5112 [00:03<00:21, 203.29token/s]
SheetSage2 transcription:  15%|#4        | 754/5112 [00:03<00:21, 206.18token/s]
SheetSage2 transcription:  15%|#5        | 775/5112 [00:03<00:21, 203.55token/s]
SheetSage2 transcription:  16%|#5        | 796/5112 [00:03<00:21, 205.08token/s]
SheetSage2 transcription:  16%|#5        | 817/5112 [00:04<00:21, 202.19token/s]
SheetSage2 transcription:  16%|#6        | 838/5112 [00:04<00:20, 204.63token/s]
SheetSage2 transcription:  17%|#6        | 859/5112 [00:04<00:20, 204.91token/s]
SheetSage2 transcription:  17%|#7        | 880/5112 [00:04<00:20, 205.61token/s]
SheetSage2 transcription:  18%|#7        | 901/5112 [00:04<00:20, 205.91token/s]
SheetSage2 transcription:  18%|#8        | 922/5112 [00:04<00:20, 204.45token/s]
SheetSage2 transcription:  18%|#8        | 943/5112 [00:04<00:20, 203.51token/s]
SheetSage2 transcription:  19%|#8        | 964/5112 [00:04<00:20, 203.88token/s]
SheetSage2 transcription:  19%|#9        | 985/5112 [00:04<00:20, 205.48token/s]
SheetSage2 transcription:  20%|#9        | 1006/5112 [00:04<00:20, 203.95token/s]
SheetSage2 transcription:  20%|##        | 1027/5112 [00:05<00:20, 203.94token/s]
SheetSage2 transcription:  21%|##        | 1048/5112 [00:05<00:19, 204.87token/s]
SheetSage2 transcription:  21%|##        | 1069/5112 [00:05<00:19, 203.54token/s]
SheetSage2 transcription:  21%|##1       | 1090/5112 [00:05<00:19, 207.13token/s]
SheetSage2 transcription:  22%|##1       | 1111/5112 [00:05<00:19, 204.79token/s]
SheetSage2 transcription:  22%|##2       | 1132/5112 [00:05<00:19, 205.48token/s]
SheetSage2 transcription:  23%|##2       | 1153/5112 [00:05<00:19, 205.78token/s]
SheetSage2 transcription:  23%|##2       | 1174/5112 [00:05<00:19, 203.81token/s]
SheetSage2 transcription:  23%|##3       | 1195/5112 [00:05<00:19, 206.05token/s]
SheetSage2 transcription:  24%|##3       | 1216/5112 [00:05<00:19, 203.77token/s]
SheetSage2 transcription:  24%|##4       | 1237/5112 [00:06<00:18, 205.88token/s]
SheetSage2 transcription:  25%|##4       | 1258/5112 [00:06<00:18, 204.80token/s]
SheetSage2 transcription:  25%|##5       | 1279/5112 [00:06<00:18, 204.20token/s]
SheetSage2 transcription:  25%|##5       | 1300/5112 [00:06<00:18, 206.66token/s]
SheetSage2 transcription:  26%|##5       | 1321/5112 [00:06<00:18, 204.01token/s]
SheetSage2 transcription:  26%|##6       | 1342/5112 [00:06<00:18, 205.48token/s]
SheetSage2 transcription:  27%|##6       | 1363/5112 [00:06<00:18, 204.86token/s]
SheetSage2 transcription:  27%|##7       | 1384/5112 [00:06<00:18, 206.15token/s]
SheetSage2 transcription:  27%|##7       | 1405/5112 [00:06<00:18, 204.79token/s]
SheetSage2 transcription:  28%|##7       | 1426/5112 [00:06<00:17, 205.78token/s]
SheetSage2 transcription:  28%|##8       | 1447/5112 [00:07<00:17, 205.90token/s]
SheetSage2 transcription:  29%|##8       | 1468/5112 [00:07<00:17, 205.85token/s]
SheetSage2 transcription:  29%|##9       | 1489/5112 [00:07<00:17, 204.82token/s]
SheetSage2 transcription:  30%|##9       | 1510/5112 [00:07<00:17, 204.54token/s]
SheetSage2 transcription:  30%|##9       | 1531/5112 [00:07<00:17, 204.19token/s]
SheetSage2 transcription:  30%|###       | 1552/5112 [00:07<00:17, 204.32token/s]
SheetSage2 transcription:  31%|###       | 1573/5112 [00:07<00:17, 202.86token/s]
SheetSage2 transcription:  31%|###1      | 1594/5112 [00:07<00:17, 204.00token/s]
SheetSage2 transcription:  32%|###1      | 1615/5112 [00:07<00:17, 204.57token/s]
SheetSage2 transcription:  32%|###2      | 1636/5112 [00:08<00:17, 203.96token/s]
SheetSage2 transcription:  32%|###2      | 1657/5112 [00:08<00:16, 204.01token/s]
SheetSage2 transcription:  33%|###2      | 1678/5112 [00:08<00:16, 204.07token/s]
SheetSage2 transcription:  33%|###3      | 1699/5112 [00:08<00:16, 203.41token/s]
SheetSage2 transcription:  34%|###3      | 1720/5112 [00:08<00:16, 204.66token/s]
SheetSage2 transcription:  34%|###4      | 1741/5112 [00:08<00:16, 205.55token/s]
SheetSage2 transcription:  34%|###4      | 1762/5112 [00:08<00:16, 202.99token/s]
SheetSage2 transcription:  35%|###4      | 1783/5112 [00:08<00:16, 204.86token/s]
SheetSage2 transcription:  35%|###5      | 1804/5112 [00:08<00:16, 203.77token/s]
SheetSage2 transcription:  36%|###5      | 1825/5112 [00:08<00:15, 205.72token/s]
SheetSage2 transcription:  36%|###6      | 1846/5112 [00:09<00:15, 205.89token/s]
SheetSage2 transcription:  37%|###6      | 1867/5112 [00:09<00:15, 203.96token/s]
SheetSage2 transcription:  37%|###6      | 1888/5112 [00:09<00:15, 205.78token/s]
SheetSage2 transcription:  37%|###7      | 1909/5112 [00:09<00:15, 204.93token/s]
SheetSage2 transcription:  38%|###7      | 1930/5112 [00:09<00:15, 203.83token/s]
SheetSage2 transcription:  38%|###8      | 1951/5112 [00:09<00:15, 204.86token/s]
SheetSage2 transcription:  39%|###8      | 1972/5112 [00:09<00:15, 205.90token/s]
SheetSage2 transcription:  39%|###8      | 1993/5112 [00:09<00:15, 203.77token/s]
SheetSage2 transcription:  39%|###9      | 2014/5112 [00:09<00:15, 204.07token/s]
SheetSage2 transcription:  40%|###9      | 2035/5112 [00:09<00:15, 204.66token/s]
SheetSage2 transcription:  40%|####      | 2056/5112 [00:10<00:14, 204.88token/s]
SheetSage2 transcription:  41%|####      | 2077/5112 [00:10<00:14, 203.77token/s]
SheetSage2 transcription:  41%|####1     | 2098/5112 [00:10<00:14, 203.88token/s]
SheetSage2 transcription:  41%|####1     | 2119/5112 [00:10<00:14, 204.75token/s]
SheetSage2 transcription:  42%|####1     | 2140/5112 [00:10<00:14, 204.73token/s]
SheetSage2 transcription:  42%|####2     | 2161/5112 [00:10<00:14, 200.56token/s]
SheetSage2 transcription:  43%|####2     | 2182/5112 [00:10<00:14, 205.78token/s]
SheetSage2 transcription:  43%|####3     | 2203/5112 [00:10<00:14, 205.21token/s]
SheetSage2 transcription:  44%|####3     | 2224/5112 [00:10<00:14, 204.41token/s]
SheetSage2 transcription:  44%|####3     | 2245/5112 [00:10<00:14, 203.21token/s]
SheetSage2 transcription:  44%|####4     | 2266/5112 [00:11<00:13, 205.13token/s]
SheetSage2 transcription:  45%|####4     | 2287/5112 [00:11<00:13, 203.47token/s]
SheetSage2 transcription:  45%|####5     | 2308/5112 [00:11<00:13, 203.82token/s]
SheetSage2 transcription:  46%|####5     | 2329/5112 [00:11<00:13, 202.87token/s]
SheetSage2 transcription:  46%|####5     | 2350/5112 [00:11<00:13, 204.75token/s]
SheetSage2 transcription:  46%|####6     | 2360/5112 [00:11<00:13, 204.24token/s]
[32m[INFO][0m Comfy model compiler graph breaks: 0, rogues: 1
[32m[INFO][0m [32mPrompt executed in 12.49 seconds[0m
[32m[INFO][0m got prompt
[32m[INFO][0m Model SheetSage2 prepared for dynamic VRAM loading. 1321MB Staged. 0 patches attached. 
Force pre-loaded 402 weights: 1403 KB.
SheetSage2 transcription:   0%|          | 0/5112 [00:00<?, ?token/s]
SheetSage2 transcription:   0%|          | 0/5112 [00:00<?, ?token/s,   Model Initializing ...  ]
SheetSage2 transcription:   0%|          | 0/5112 [00:00<?, ?token/s,  Model Initialization 
complete!  ]
SheetSage2 transcription:   0%|          | 17/5112 [00:00<00:30, 166.19token/s,  Model 
Initialization complete!  ]
SheetSage2 transcription:   0%|          | 17/5112 [00:00<00:30, 166.19token/s]                    
               
SheetSage2 transcription:   1%|          | 38/5112 [00:00<00:24, 203.29token/s]
SheetSage2 transcription:   1%|1         | 59/5112 [00:00<00:24, 202.63token/s]
SheetSage2 transcription:   2%|1         | 80/5112 [00:00<00:24, 203.83token/s]
SheetSage2 transcription:   2%|1         | 101/5112 [00:00<00:24, 203.89token/s]
SheetSage2 transcription:   2%|2         | 122/5112 [00:00<00:24, 203.71token/s]
SheetSage2 transcription:   3%|2         | 143/5112 [00:00<00:24, 202.93token/s]
SheetSage2 transcription:   3%|3         | 164/5112 [00:00<00:24, 204.80token/s]
SheetSage2 transcription:   4%|3         | 185/5112 [00:00<00:24, 201.91token/s]
SheetSage2 transcription:   4%|4         | 206/5112 [00:01<00:23, 204.98token/s]
SheetSage2 transcription:   4%|4         | 227/5112 [00:01<00:24, 202.93token/s]
SheetSage2 transcription:   5%|4         | 248/5112 [00:01<00:24, 201.96token/s]
SheetSage2 transcription:   5%|5         | 269/5112 [00:01<00:23, 205.80token/s]
SheetSage2 transcription:   6%|5         | 290/5112 [00:01<00:23, 203.75token/s]
SheetSage2 transcription:   6%|6         | 311/5112 [00:01<00:23, 204.94token/s]
SheetSage2 transcription:   6%|6         | 332/5112 [00:01<00:23, 204.74token/s]
SheetSage2 transcription:   7%|6         | 353/5112 [00:01<00:23, 202.81token/s]
SheetSage2 transcription:   7%|7         | 374/5112 [00:01<00:23, 202.71token/s]
SheetSage2 transcription:   8%|7         | 395/5112 [00:01<00:23, 204.54token/s]
SheetSage2 transcription:   8%|8         | 416/5112 [00:02<00:22, 204.98token/s]
SheetSage2 transcription:   9%|8         | 437/5112 [00:02<00:23, 202.19token/s]
SheetSage2 transcription:   9%|8         | 458/5112 [00:02<00:22, 202.65token/s]
SheetSage2 transcription:   9%|9         | 479/5112 [00:02<00:22, 203.09token/s]
SheetSage2 transcription:  10%|9         | 500/5112 [00:02<00:22, 203.16token/s]
SheetSage2 transcription:  10%|#         | 521/5112 [00:02<00:22, 202.58token/s]
SheetSage2 transcription:  11%|#         | 542/5112 [00:02<00:22, 204.93token/s]
SheetSage2 transcription:  11%|#1        | 563/5112 [00:02<00:22, 201.97token/s]
SheetSage2 transcription:  11%|#1        | 584/5112 [00:02<00:22, 203.83token/s]
SheetSage2 transcription:  12%|#1        | 605/5112 [00:02<00:21, 204.98token/s]
SheetSage2 transcription:  12%|#2        | 626/5112 [00:03<00:22, 203.11token/s]
SheetSage2 transcription:  13%|#2        | 647/5112 [00:03<00:21, 204.80token/s]
SheetSage2 transcription:  13%|#3        | 668/5112 [00:03<00:21, 202.99token/s]
SheetSage2 transcription:  13%|#3        | 689/5112 [00:03<00:21, 204.98token/s]
SheetSage2 transcription:  14%|#3        | 710/5112 [00:03<00:21, 204.01token/s]
SheetSage2 transcription:  14%|#4        | 731/5112 [00:03<00:21, 203.89token/s]
SheetSage2 transcription:  15%|#4        | 752/5112 [00:03<00:21, 204.01token/s]
SheetSage2 transcription:  15%|#5        | 773/5112 [00:03<00:21, 203.05token/s]
SheetSage2 transcription:  16%|#5        | 794/5112 [00:03<00:21, 202.93token/s]
SheetSage2 transcription:  16%|#5        | 815/5112 [00:04<00:21, 204.07token/s]
SheetSage2 transcription:  16%|#6        | 836/5112 [00:04<00:20, 203.83token/s]
SheetSage2 transcription:  17%|#6        | 857/5112 [00:04<00:20, 204.97token/s]
SheetSage2 transcription:  17%|#7        | 878/5112 [00:04<00:20, 205.00token/s]
SheetSage2 transcription:  18%|#7        | 899/5112 [00:04<00:20, 202.86token/s]
SheetSage2 transcription:  18%|#7        | 920/5112 [00:04<00:20, 203.51token/s]
SheetSage2 transcription:  18%|#8        | 941/5112 [00:04<00:20, 203.85token/s]
SheetSage2 transcription:  19%|#8        | 962/5112 [00:04<00:20, 202.63token/s]
SheetSage2 transcription:  19%|#9        | 983/5112 [00:04<00:20, 204.98token/s]
SheetSage2 transcription:  20%|#9        | 1004/5112 [00:04<00:20, 201.91token/s]
SheetSage2 transcription:  20%|##        | 1025/5112 [00:05<00:20, 202.93token/s]
SheetSage2 transcription:  20%|##        | 1046/5112 [00:05<00:19, 203.39token/s]
SheetSage2 transcription:  21%|##        | 1067/5112 [00:05<00:20, 201.68token/s]
SheetSage2 transcription:  21%|##1       | 1088/5112 [00:05<00:19, 204.96token/s]
SheetSage2 transcription:  22%|##1       | 1109/5112 [00:05<00:19, 202.55token/s]
SheetSage2 transcription:  22%|##2       | 1130/5112 [00:05<00:19, 201.97token/s]
SheetSage2 transcription:  23%|##2       | 1151/5112 [00:05<00:19, 202.03token/s]
SheetSage2 transcription:  23%|##2       | 1172/5112 [00:05<00:19, 203.83token/s]
SheetSage2 transcription:  23%|##3       | 1193/5112 [00:05<00:19, 204.80token/s]
SheetSage2 transcription:  24%|##3       | 1214/5112 [00:05<00:19, 202.87token/s]
SheetSage2 transcription:  24%|##4       | 1235/5112 [00:06<00:19, 201.86token/s]
SheetSage2 transcription:  25%|##4       | 1256/5112 [00:06<00:18, 203.89token/s]
SheetSage2 transcription:  25%|##4       | 1277/5112 [00:06<00:18, 203.94token/s]
SheetSage2 transcription:  25%|##5       | 1298/5112 [00:06<00:18, 204.74token/s]
SheetSage2 transcription:  26%|##5       | 1319/5112 [00:06<00:18, 202.99token/s]
SheetSage2 transcription:  26%|##6       | 1340/5112 [00:06<00:18, 205.97token/s]
SheetSage2 transcription:  27%|##6       | 1361/5112 [00:06<00:18, 203.89token/s]
SheetSage2 transcription:  27%|##7       | 1382/5112 [00:06<00:18, 201.97token/s]
SheetSage2 transcription:  27%|##7       | 1403/5112 [00:06<00:18, 203.77token/s]
SheetSage2 transcription:  28%|##7       | 1424/5112 [00:07<00:17, 205.60token/s]
SheetSage2 transcription:  28%|##8       | 1445/5112 [00:07<00:18, 201.86token/s]
SheetSage2 transcription:  29%|##8       | 1466/5112 [00:07<00:17, 204.98token/s]
SheetSage2 transcription:  29%|##9       | 1487/5112 [00:07<00:17, 202.99token/s]
SheetSage2 transcription:  29%|##9       | 1508/5112 [00:07<00:17, 205.84token/s]
SheetSage2 transcription:  30%|##9       | 1529/5112 [00:07<00:17, 203.83token/s]
SheetSage2 transcription:  30%|###       | 1550/5112 [00:07<00:17, 202.98token/s]
SheetSage2 transcription:  31%|###       | 1571/5112 [00:07<00:17, 202.69token/s]
SheetSage2 transcription:  31%|###1      | 1592/5112 [00:07<00:17, 204.01token/s]
SheetSage2 transcription:  32%|###1      | 1613/5112 [00:07<00:17, 202.35token/s]
SheetSage2 transcription:  32%|###1      | 1634/5112 [00:08<00:17, 203.41token/s]
SheetSage2 transcription:  32%|###2      | 1655/5112 [00:08<00:16, 203.69token/s]
SheetSage2 transcription:  33%|###2      | 1676/5112 [00:08<00:17, 200.84token/s]
SheetSage2 transcription:  33%|###3      | 1697/5112 [00:08<00:16, 203.54token/s]
SheetSage2 transcription:  34%|###3      | 1718/5112 [00:08<00:16, 201.79token/s]
SheetSage2 transcription:  34%|###4      | 1739/5112 [00:08<00:16, 205.97token/s]
SheetSage2 transcription:  34%|###4      | 1760/5112 [00:08<00:16, 203.77token/s]
SheetSage2 transcription:  35%|###4      | 1781/5112 [00:08<00:16, 203.77token/s]
SheetSage2 transcription:  35%|###5      | 1802/5112 [00:08<00:16, 201.74token/s]
SheetSage2 transcription:  36%|###5      | 1823/5112 [00:08<00:16, 204.38token/s]
SheetSage2 transcription:  36%|###6      | 1844/5112 [00:09<00:16, 203.95token/s]
SheetSage2 transcription:  36%|###6      | 1865/5112 [00:09<00:15, 204.60token/s]
SheetSage2 transcription:  37%|###6      | 1886/5112 [00:09<00:15, 204.82token/s]
SheetSage2 transcription:  37%|###7      | 1907/5112 [00:09<00:15, 203.05token/s]
SheetSage2 transcription:  38%|###7      | 1928/5112 [00:09<00:15, 202.98token/s]
SheetSage2 transcription:  38%|###8      | 1949/5112 [00:09<00:15, 203.89token/s]
SheetSage2 transcription:  39%|###8      | 1970/5112 [00:09<00:15, 203.89token/s]
SheetSage2 transcription:  39%|###8      | 1991/5112 [00:09<00:15, 202.87token/s]
SheetSage2 transcription:  39%|###9      | 2012/5112 [00:09<00:15, 204.98token/s]
SheetSage2 transcription:  40%|###9      | 2033/5112 [00:10<00:15, 203.33token/s]
SheetSage2 transcription:  40%|####      | 2054/5112 [00:10<00:14, 204.94token/s]
SheetSage2 transcription:  41%|####      | 2075/5112 [00:10<00:14, 204.08token/s]
SheetSage2 transcription:  41%|####1     | 2096/5112 [00:10<00:14, 202.87token/s]
SheetSage2 transcription:  41%|####1     | 2117/5112 [00:10<00:14, 203.55token/s]
SheetSage2 transcription:  42%|####1     | 2138/5112 [00:10<00:14, 202.02token/s]
SheetSage2 transcription:  42%|####2     | 2159/5112 [00:10<00:14, 204.98token/s]
SheetSage2 transcription:  43%|####2     | 2180/5112 [00:10<00:14, 203.95token/s]
SheetSage2 transcription:  43%|####3     | 2201/5112 [00:10<00:14, 204.92token/s]
SheetSage2 transcription:  43%|####3     | 2222/5112 [00:10<00:14, 202.21token/s]
SheetSage2 transcription:  44%|####3     | 2243/5112 [00:11<00:14, 204.01token/s]
SheetSage2 transcription:  44%|####4     | 2264/5112 [00:11<00:14, 202.27token/s]
SheetSage2 transcription:  45%|####4     | 2285/5112 [00:11<00:13, 203.23token/s]
SheetSage2 transcription:  45%|####5     | 2306/5112 [00:11<00:13, 201.86token/s]
SheetSage2 transcription:  46%|####5     | 2327/5112 [00:11<00:13, 204.92token/s]
SheetSage2 transcription:  46%|####5     | 2337/5112 [00:11<00:13, 203.10token/s]
[32m[INFO][0m Comfy model compiler graph breaks: 0, rogues: 1
[32m[INFO][0m [32mPrompt executed in 12.53 seconds[0m
[32m[INFO][0m got prompt
[32m[INFO][0m Model SheetSage2 prepared for dynamic VRAM loading. 1321MB Staged. 0 patches attached. 
Force pre-loaded 402 weights: 1403 KB.
SheetSage2 transcription:   0%|          | 0/5112 [00:00<?, ?token/s]
SheetSage2 transcription:   0%|          | 0/5112 [00:00<?, ?token/s,   Model Initializing ...  ]
SheetSage2 transcription:   0%|          | 0/5112 [00:00<?, ?token/s,  Model Initialization 
complete!  ]
SheetSage2 transcription:   0%|          | 20/5112 [00:00<00:26, 191.76token/s,  Model 
Initialization complete!  ]
SheetSage2 transcription:   0%|          | 20/5112 [00:00<00:26, 191.76token/s]                    
               
SheetSage2 transcription:   1%|          | 41/5112 [00:00<00:25, 201.89token/s]
SheetSage2 transcription:   1%|1         | 62/5112 [00:00<00:24, 203.89token/s]
SheetSage2 transcription:   2%|1         | 83/5112 [00:00<00:24, 204.55token/s]
SheetSage2 transcription:   2%|2         | 104/5112 [00:00<00:24, 203.05token/s]
SheetSage2 transcription:   2%|2         | 125/5112 [00:00<00:24, 204.98token/s]
SheetSage2 transcription:   3%|2         | 146/5112 [00:00<00:24, 200.90token/s]
SheetSage2 transcription:   3%|3         | 167/5112 [00:00<00:24, 203.04token/s]
SheetSage2 transcription:   4%|3         | 188/5112 [00:00<00:24, 203.06token/s]
SheetSage2 transcription:   4%|4         | 209/5112 [00:01<00:23, 204.86token/s]
SheetSage2 transcription:   4%|4         | 230/5112 [00:01<00:24, 202.98token/s]
SheetSage2 transcription:   5%|4         | 251/5112 [00:01<00:23, 203.04token/s]
SheetSage2 transcription:   5%|5         | 272/5112 [00:01<00:23, 204.99token/s]
SheetSage2 transcription:   6%|5         | 293/5112 [00:01<00:23, 202.15token/s]
SheetSage2 transcription:   6%|6         | 314/5112 [00:01<00:23, 202.15token/s]
SheetSage2 transcription:   7%|6         | 335/5112 [00:01<00:23, 204.86token/s]
SheetSage2 transcription:   7%|6         | 356/5112 [00:01<00:23, 202.93token/s]
SheetSage2 transcription:   7%|7         | 377/5112 [00:01<00:23, 202.03token/s]
SheetSage2 transcription:   8%|7         | 398/5112 [00:01<00:23, 202.38token/s]
SheetSage2 transcription:   8%|8         | 419/5112 [00:02<00:23, 203.33token/s]
SheetSage2 transcription:   9%|8         | 440/5112 [00:02<00:22, 203.86token/s]
SheetSage2 transcription:   9%|9         | 461/5112 [00:02<00:22, 202.99token/s]
SheetSage2 transcription:   9%|9         | 482/5112 [00:02<00:22, 204.05token/s]
SheetSage2 transcription:  10%|9         | 503/5112 [00:02<00:22, 202.18token/s]
SheetSage2 transcription:  10%|#         | 524/5112 [00:02<00:22, 204.01token/s]
SheetSage2 transcription:  11%|#         | 545/5112 [00:02<00:22, 203.95token/s]
SheetSage2 transcription:  11%|#1        | 566/5112 [00:02<00:22, 205.72token/s]
SheetSage2 transcription:  11%|#1        | 587/5112 [00:02<00:22, 203.65token/s]
SheetSage2 transcription:  12%|#1        | 608/5112 [00:02<00:22, 203.89token/s]
SheetSage2 transcription:  12%|#2        | 629/5112 [00:03<00:21, 204.01token/s]
SheetSage2 transcription:  13%|#2        | 650/5112 [00:03<00:21, 204.01token/s]
SheetSage2 transcription:  13%|#3        | 671/5112 [00:03<00:21, 203.89token/s]
SheetSage2 transcription:  14%|#3        | 692/5112 [00:03<00:21, 204.01token/s]
SheetSage2 transcription:  14%|#3        | 713/5112 [00:03<00:21, 203.88token/s]
SheetSage2 transcription:  14%|#4        | 734/5112 [00:03<00:21, 203.96token/s]
SheetSage2 transcription:  15%|#4        | 755/5112 [00:03<00:21, 203.06token/s]
SheetSage2 transcription:  15%|#5        | 776/5112 [00:03<00:21, 204.90token/s]
SheetSage2 transcription:  16%|#5        | 797/5112 [00:03<00:21, 203.95token/s]
SheetSage2 transcription:  16%|#6        | 818/5112 [00:04<00:21, 202.93token/s]
SheetSage2 transcription:  16%|#6        | 839/5112 [00:04<00:21, 202.93token/s]
SheetSage2 transcription:  17%|#6        | 860/5112 [00:04<00:20, 203.16token/s]
SheetSage2 transcription:  17%|#7        | 881/5112 [00:04<00:20, 203.90token/s]
SheetSage2 transcription:  18%|#7        | 902/5112 [00:04<00:20, 202.93token/s]
SheetSage2 transcription:  18%|#8        | 923/5112 [00:04<00:20, 204.98token/s]
SheetSage2 transcription:  18%|#8        | 944/5112 [00:04<00:20, 204.01token/s]
SheetSage2 transcription:  19%|#8        | 965/5112 [00:04<00:20, 203.88token/s]
SheetSage2 transcription:  19%|#9        | 986/5112 [00:04<00:20, 201.97token/s]
SheetSage2 transcription:  20%|#9        | 1007/5112 [00:04<00:20, 203.89token/s]
SheetSage2 transcription:  20%|##        | 1028/5112 [00:05<00:19, 204.50token/s]
SheetSage2 transcription:  21%|##        | 1049/5112 [00:05<00:20, 201.27token/s]
SheetSage2 transcription:  21%|##        | 1070/5112 [00:05<00:19, 204.36token/s]
SheetSage2 transcription:  21%|##1       | 1091/5112 [00:05<00:19, 203.60token/s]
SheetSage2 transcription:  22%|##1       | 1112/5112 [00:05<00:19, 203.84token/s]
SheetSage2 transcription:  22%|##2       | 1133/5112 [00:05<00:19, 203.44token/s]
SheetSage2 transcription:  23%|##2       | 1154/5112 [00:05<00:19, 202.82token/s]
SheetSage2 transcription:  23%|##2       | 1175/5112 [00:05<00:19, 203.23token/s]
SheetSage2 transcription:  23%|##3       | 1196/5112 [00:05<00:19, 205.61token/s]
SheetSage2 transcription:  24%|##3       | 1217/5112 [00:05<00:19, 202.57token/s]
SheetSage2 transcription:  24%|##4       | 1238/5112 [00:06<00:18, 203.94token/s]
SheetSage2 transcription:  25%|##4       | 1259/5112 [00:06<00:18, 203.05token/s]
SheetSage2 transcription:  25%|##5       | 1280/5112 [00:06<00:18, 204.98token/s]
SheetSage2 transcription:  25%|##5       | 1301/5112 [00:06<00:18, 202.92token/s]
SheetSage2 transcription:  26%|##5       | 1322/5112 [00:06<00:18, 204.68token/s]
SheetSage2 transcription:  26%|##6       | 1343/5112 [00:06<00:18, 202.93token/s]
SheetSage2 transcription:  27%|##6       | 1364/5112 [00:06<00:18, 203.65token/s]
SheetSage2 transcription:  27%|##7       | 1385/5112 [00:06<00:18, 204.98token/s]
SheetSage2 transcription:  28%|##7       | 1406/5112 [00:06<00:18, 202.99token/s]
SheetSage2 transcription:  28%|##7       | 1427/5112 [00:07<00:17, 204.80token/s]
SheetSage2 transcription:  28%|##8       | 1448/5112 [00:07<00:17, 203.88token/s]
SheetSage2 transcription:  29%|##8       | 1469/5112 [00:07<00:17, 203.90token/s]
SheetSage2 transcription:  29%|##9       | 1490/5112 [00:07<00:17, 205.90token/s]
SheetSage2 transcription:  30%|##9       | 1511/5112 [00:07<00:17, 204.86token/s]
SheetSage2 transcription:  30%|##9       | 1532/5112 [00:07<00:17, 204.98token/s]
SheetSage2 transcription:  30%|###       | 1553/5112 [00:07<00:17, 202.93token/s]
SheetSage2 transcription:  31%|###       | 1574/5112 [00:07<00:17, 205.04token/s]
SheetSage2 transcription:  31%|###1      | 1595/5112 [00:07<00:17, 202.98token/s]
SheetSage2 transcription:  32%|###1      | 1616/5112 [00:07<00:17, 201.77token/s]
SheetSage2 transcription:  32%|###2      | 1637/5112 [00:08<00:17, 203.92token/s]
SheetSage2 transcription:  32%|###2      | 1658/5112 [00:08<00:17, 202.88token/s]
SheetSage2 transcription:  33%|###2      | 1679/5112 [00:08<00:16, 201.98token/s]
SheetSage2 transcription:  33%|###3      | 1700/5112 [00:08<00:16, 204.01token/s]
SheetSage2 transcription:  34%|###3      | 1721/5112 [00:08<00:16, 202.99token/s]
SheetSage2 transcription:  34%|###4      | 1742/5112 [00:08<00:16, 203.89token/s]
SheetSage2 transcription:  34%|###4      | 1763/5112 [00:08<00:16, 203.96token/s]
SheetSage2 transcription:  35%|###4      | 1784/5112 [00:08<00:16, 203.89token/s]
SheetSage2 transcription:  35%|###5      | 1805/5112 [00:08<00:16, 204.85token/s]
SheetSage2 transcription:  36%|###5      | 1826/5112 [00:08<00:16, 202.75token/s]
SheetSage2 transcription:  36%|###6      | 1847/5112 [00:09<00:16, 203.94token/s]
SheetSage2 transcription:  37%|###6      | 1868/5112 [00:09<00:15, 205.97token/s]
SheetSage2 transcription:  37%|###6      | 1889/5112 [00:09<00:15, 203.71token/s]
SheetSage2 transcription:  37%|###7      | 1910/5112 [00:09<00:15, 203.83token/s]
SheetSage2 transcription:  38%|###7      | 1931/5112 [00:09<00:15, 203.94token/s]
SheetSage2 transcription:  38%|###8      | 1952/5112 [00:09<00:15, 205.73token/s]
SheetSage2 transcription:  39%|###8      | 1973/5112 [00:09<00:15, 203.83token/s]
SheetSage2 transcription:  39%|###9      | 1994/5112 [00:09<00:15, 205.78token/s]
SheetSage2 transcription:  39%|###9      | 2015/5112 [00:09<00:15, 204.01token/s]
SheetSage2 transcription:  40%|###9      | 2036/5112 [00:10<00:15, 203.59token/s]
SheetSage2 transcription:  40%|####      | 2057/5112 [00:10<00:14, 204.01token/s]
SheetSage2 transcription:  41%|####      | 2078/5112 [00:10<00:14, 205.84token/s]
SheetSage2 transcription:  41%|####1     | 2099/5112 [00:10<00:14, 203.83token/s]
SheetSage2 transcription:  41%|####1     | 2120/5112 [00:10<00:14, 204.07token/s]
SheetSage2 transcription:  42%|####1     | 2141/5112 [00:10<00:14, 203.52token/s]
SheetSage2 transcription:  42%|####2     | 2162/5112 [00:10<00:14, 203.78token/s]
SheetSage2 transcription:  43%|####2     | 2183/5112 [00:10<00:14, 204.92token/s]
SheetSage2 transcription:  43%|####3     | 2204/5112 [00:10<00:14, 205.84token/s]
SheetSage2 transcription:  44%|####3     | 2225/5112 [00:10<00:14, 203.77token/s]
SheetSage2 transcription:  44%|####3     | 2246/5112 [00:11<00:14, 201.97token/s]
SheetSage2 transcription:  44%|####4     | 2267/5112 [00:11<00:14, 202.92token/s]
SheetSage2 transcription:  45%|####4     | 2288/5112 [00:11<00:13, 206.37token/s]
SheetSage2 transcription:  45%|####5     | 2309/5112 [00:11<00:13, 204.53token/s]
SheetSage2 transcription:  46%|####5     | 2330/5112 [00:11<00:13, 203.83token/s]
SheetSage2 transcription:  46%|####5     | 2351/5112 [00:11<00:13, 205.97token/s]
SheetSage2 transcription:  46%|####6     | 2372/5112 [00:11<00:13, 204.92token/s]
SheetSage2 transcription:  47%|####6     | 2393/5112 [00:11<00:13, 204.80token/s]
SheetSage2 transcription:  47%|####7     | 2414/5112 [00:11<00:13, 205.60token/s]
SheetSage2 transcription:  48%|####7     | 2435/5112 [00:11<00:13, 204.00token/s]
SheetSage2 transcription:  48%|####8     | 2456/5112 [00:12<00:13, 203.84token/s]
SheetSage2 transcription:  48%|####8     | 2477/5112 [00:12<00:12, 203.89token/s]
SheetSage2 transcription:  49%|####8     | 2485/5112 [00:12<00:12, 203.65token/s]
[32m[INFO][0m Comfy model compiler graph breaks: 0, rogues: 1
[32m[INFO][0m [32mPrompt executed in 13.32 seconds[0m
[32m[INFO][0m got prompt
[32m[INFO][0m Model SheetSage2 prepared for dynamic VRAM loading. 1321MB Staged. 0 patches attached. 
Force pre-loaded 402 weights: 1403 KB.
SheetSage2 transcription:   0%|          | 0/5112 [00:00<?, ?token/s]
SheetSage2 transcription:   0%|          | 0/5112 [00:00<?, ?token/s,   Model Initializing ...  ]
SheetSage2 transcription:   0%|          | 0/5112 [00:00<?, ?token/s,  Model Initialization 
complete!  ]
SheetSage2 transcription:   0%|          | 19/5112 [00:00<00:27, 184.42token/s,  Model 
Initialization complete!  ]
SheetSage2 transcription:   0%|          | 19/5112 [00:00<00:27, 184.42token/s]                    
               
SheetSage2 transcription:   1%|          | 40/5112 [00:00<00:24, 203.89token/s]
SheetSage2 transcription:   1%|1         | 61/5112 [00:00<00:24, 205.31token/s]
SheetSage2 transcription:   2%|1         | 82/5112 [00:00<00:24, 204.47token/s]
SheetSage2 transcription:   2%|2         | 103/5112 [00:00<00:24, 203.89token/s]
SheetSage2 transcription:   2%|2         | 124/5112 [00:00<00:24, 205.97token/s]
SheetSage2 transcription:   3%|2         | 145/5112 [00:00<00:24, 204.01token/s]
SheetSage2 transcription:   3%|3         | 166/5112 [00:00<00:24, 203.70token/s]
SheetSage2 transcription:   4%|3         | 187/5112 [00:00<00:23, 205.73token/s]
SheetSage2 transcription:   4%|4         | 208/5112 [00:01<00:24, 203.83token/s]
SheetSage2 transcription:   4%|4         | 229/5112 [00:01<00:23, 203.69token/s]
SheetSage2 transcription:   5%|4         | 250/5112 [00:01<00:23, 204.76token/s]
SheetSage2 transcription:   5%|5         | 271/5112 [00:01<00:23, 203.47token/s]
SheetSage2 transcription:   6%|5         | 292/5112 [00:01<00:23, 203.11token/s]
SheetSage2 transcription:   6%|6         | 313/5112 [00:01<00:23, 202.47token/s]
SheetSage2 transcription:   7%|6         | 334/5112 [00:01<00:23, 203.86token/s]
SheetSage2 transcription:   7%|6         | 355/5112 [00:01<00:23, 202.99token/s]
SheetSage2 transcription:   7%|7         | 376/5112 [00:01<00:23, 203.53token/s]
SheetSage2 transcription:   8%|7         | 397/5112 [00:01<00:23, 201.35token/s]
SheetSage2 transcription:   8%|8         | 418/5112 [00:02<00:23, 202.61token/s]
SheetSage2 transcription:   9%|8         | 439/5112 [00:02<00:22, 205.62token/s]
SheetSage2 transcription:   9%|8         | 460/5112 [00:02<00:22, 204.82token/s]
SheetSage2 transcription:   9%|9         | 481/5112 [00:02<00:22, 202.93token/s]
SheetSage2 transcription:  10%|9         | 502/5112 [00:02<00:22, 202.75token/s]
SheetSage2 transcription:  10%|#         | 523/5112 [00:02<00:22, 204.92token/s]
SheetSage2 transcription:  11%|#         | 544/5112 [00:02<00:22, 205.84token/s]
SheetSage2 transcription:  11%|#1        | 565/5112 [00:02<00:22, 203.89token/s]
SheetSage2 transcription:  11%|#1        | 586/5112 [00:02<00:22, 203.65token/s]
SheetSage2 transcription:  12%|#1        | 607/5112 [00:02<00:22, 203.59token/s]
SheetSage2 transcription:  12%|#2        | 628/5112 [00:03<00:21, 204.01token/s]
SheetSage2 transcription:  13%|#2        | 649/5112 [00:03<00:21, 204.74token/s]
SheetSage2 transcription:  13%|#3        | 670/5112 [00:03<00:21, 203.77token/s]
SheetSage2 transcription:  14%|#3        | 691/5112 [00:03<00:21, 203.11token/s]
SheetSage2 transcription:  14%|#3        | 712/5112 [00:03<00:21, 205.59token/s]
SheetSage2 transcription:  14%|#4        | 733/5112 [00:03<00:21, 203.95token/s]
SheetSage2 transcription:  15%|#4        | 754/5112 [00:03<00:21, 204.87token/s]
SheetSage2 transcription:  15%|#5        | 775/5112 [00:03<00:21, 203.95token/s]
SheetSage2 transcription:  16%|#5        | 796/5112 [00:03<00:21, 202.21token/s]
SheetSage2 transcription:  16%|#5        | 817/5112 [00:04<00:21, 203.39token/s]
SheetSage2 transcription:  16%|#6        | 838/5112 [00:04<00:20, 205.06token/s]
SheetSage2 transcription:  17%|#6        | 859/5112 [00:04<00:20, 204.98token/s]
SheetSage2 transcription:  17%|#7        | 880/5112 [00:04<00:20, 205.91token/s]
SheetSage2 transcription:  18%|#7        | 901/5112 [00:04<00:20, 203.09token/s]
SheetSage2 transcription:  18%|#8        | 922/5112 [00:04<00:20, 206.34token/s]
SheetSage2 transcription:  18%|#8        | 943/5112 [00:04<00:20, 204.14token/s]
SheetSage2 transcription:  19%|#8        | 964/5112 [00:04<00:20, 204.81token/s]
SheetSage2 transcription:  19%|#9        | 985/5112 [00:04<00:19, 206.46token/s]
SheetSage2 transcription:  20%|#9        | 1006/5112 [00:04<00:20, 203.39token/s]
SheetSage2 transcription:  20%|##        | 1027/5112 [00:05<00:20, 202.88token/s]
SheetSage2 transcription:  21%|##        | 1048/5112 [00:05<00:20, 203.05token/s]
SheetSage2 transcription:  21%|##        | 1069/5112 [00:05<00:19, 203.27token/s]
SheetSage2 transcription:  21%|##1       | 1090/5112 [00:05<00:19, 205.61token/s]
SheetSage2 transcription:  22%|##1       | 1111/5112 [00:05<00:19, 203.89token/s]
SheetSage2 transcription:  22%|##2       | 1132/5112 [00:05<00:19, 202.98token/s]
SheetSage2 transcription:  23%|##2       | 1153/5112 [00:05<00:19, 203.71token/s]
SheetSage2 transcription:  23%|##2       | 1174/5112 [00:05<00:19, 203.83token/s]
SheetSage2 transcription:  23%|##3       | 1195/5112 [00:05<00:19, 205.04token/s]
SheetSage2 transcription:  24%|##3       | 1216/5112 [00:05<00:19, 202.93token/s]
SheetSage2 transcription:  24%|##4       | 1237/5112 [00:06<00:18, 204.99token/s]
SheetSage2 transcription:  25%|##4       | 1258/5112 [00:06<00:19, 202.03token/s]
SheetSage2 transcription:  25%|##5       | 1279/5112 [00:06<00:18, 204.98token/s]
SheetSage2 transcription:  25%|##5       | 1300/5112 [00:06<00:18, 204.68token/s]
SheetSage2 transcription:  26%|##5       | 1321/5112 [00:06<00:18, 202.87token/s]
SheetSage2 transcription:  26%|##6       | 1342/5112 [00:06<00:18, 203.83token/s]
SheetSage2 transcription:  27%|##6       | 1363/5112 [00:06<00:18, 202.80token/s]
SheetSage2 transcription:  27%|##7       | 1384/5112 [00:06<00:18, 205.72token/s]
SheetSage2 transcription:  27%|##7       | 1405/5112 [00:06<00:18, 203.87token/s]
SheetSage2 transcription:  28%|##7       | 1426/5112 [00:06<00:17, 205.67token/s]
SheetSage2 transcription:  28%|##8       | 1447/5112 [00:07<00:17, 203.77token/s]
SheetSage2 transcription:  29%|##8       | 1468/5112 [00:07<00:17, 204.01token/s]
SheetSage2 transcription:  29%|##9       | 1489/5112 [00:07<00:17, 204.92token/s]
SheetSage2 transcription:  30%|##9       | 1510/5112 [00:07<00:17, 204.86token/s]
SheetSage2 transcription:  30%|##9       | 1531/5112 [00:07<00:17, 205.78token/s]
SheetSage2 transcription:  30%|###       | 1552/5112 [00:07<00:17, 203.95token/s]
SheetSage2 transcription:  31%|###       | 1573/5112 [00:07<00:17, 204.80token/s]
SheetSage2 transcription:  31%|###1      | 1594/5112 [00:07<00:17, 203.75token/s]
SheetSage2 transcription:  32%|###1      | 1615/5112 [00:07<00:17, 202.95token/s]
SheetSage2 transcription:  32%|###2      | 1636/5112 [00:08<00:16, 205.58token/s]
SheetSage2 transcription:  32%|###2      | 1657/5112 [00:08<00:17, 202.94token/s]
SheetSage2 transcription:  33%|###2      | 1678/5112 [00:08<00:16, 205.35token/s]
SheetSage2 transcription:  33%|###3      | 1699/5112 [00:08<00:16, 202.91token/s]
SheetSage2 transcription:  34%|###3      | 1720/5112 [00:08<00:16, 203.91token/s]
SheetSage2 transcription:  34%|###4      | 1741/5112 [00:08<00:16, 205.51token/s]
SheetSage2 transcription:  34%|###4      | 1762/5112 [00:08<00:16, 203.11token/s]
SheetSage2 transcription:  35%|###4      | 1783/5112 [00:08<00:16, 204.99token/s]
SheetSage2 transcription:  35%|###5      | 1804/5112 [00:08<00:16, 203.49token/s]
SheetSage2 transcription:  36%|###5      | 1825/5112 [00:08<00:16, 204.22token/s]
SheetSage2 transcription:  36%|###6      | 1846/5112 [00:09<00:15, 205.08token/s]
SheetSage2 transcription:  37%|###6      | 1867/5112 [00:09<00:15, 203.89token/s]
SheetSage2 transcription:  37%|###6      | 1888/5112 [00:09<00:15, 202.45token/s]
SheetSage2 transcription:  37%|###7      | 1909/5112 [00:09<00:15, 204.19token/s]
SheetSage2 transcription:  38%|###7      | 1930/5112 [00:09<00:15, 203.83token/s]
SheetSage2 transcription:  38%|###8      | 1951/5112 [00:09<00:15, 204.86token/s]
SheetSage2 transcription:  39%|###8      | 1972/5112 [00:09<00:15, 206.89token/s]
SheetSage2 transcription:  39%|###8      | 1993/5112 [00:09<00:15, 203.05token/s]
SheetSage2 transcription:  39%|###9      | 2014/5112 [00:09<00:15, 204.01token/s]
SheetSage2 transcription:  40%|###9      | 2035/5112 [00:09<00:15, 202.69token/s]
SheetSage2 transcription:  40%|####      | 2056/5112 [00:10<00:15, 202.75token/s]
SheetSage2 transcription:  41%|####      | 2077/5112 [00:10<00:14, 204.86token/s]
SheetSage2 transcription:  41%|####1     | 2098/5112 [00:10<00:14, 203.77token/s]
SheetSage2 transcription:  41%|####1     | 2119/5112 [00:10<00:14, 204.56token/s]
SheetSage2 transcription:  42%|####1     | 2140/5112 [00:10<00:14, 202.99token/s]
SheetSage2 transcription:  42%|####2     | 2161/5112 [00:10<00:14, 203.25token/s]
SheetSage2 transcription:  43%|####2     | 2182/5112 [00:10<00:14, 204.96token/s]
SheetSage2 transcription:  43%|####3     | 2203/5112 [00:10<00:14, 203.77token/s]
SheetSage2 transcription:  44%|####3     | 2224/5112 [00:10<00:14, 202.03token/s]
SheetSage2 transcription:  44%|####3     | 2245/5112 [00:11<00:14, 203.58token/s]
SheetSage2 transcription:  44%|####4     | 2266/5112 [00:11<00:13, 203.59token/s]
SheetSage2 transcription:  45%|####4     | 2287/5112 [00:11<00:13, 204.86token/s]
SheetSage2 transcription:  45%|####5     | 2308/5112 [00:11<00:13, 202.57token/s]
SheetSage2 transcription:  46%|####5     | 2329/5112 [00:11<00:13, 204.98token/s]
SheetSage2 transcription:  46%|####5     | 2350/5112 [00:11<00:13, 202.09token/s]
SheetSage2 transcription:  46%|####6     | 2371/5112 [00:11<00:13, 204.55token/s]
SheetSage2 transcription:  47%|####6     | 2392/5112 [00:11<00:13, 204.35token/s]
SheetSage2 transcription:  47%|####7     | 2413/5112 [00:11<00:13, 202.87token/s]
SheetSage2 transcription:  48%|####7     | 2434/5112 [00:11<00:13, 202.93token/s]
SheetSage2 transcription:  48%|####8     | 2455/5112 [00:12<00:12, 204.46token/s]
SheetSage2 transcription:  48%|####8     | 2476/5112 [00:12<00:12, 204.98token/s]
SheetSage2 transcription:  49%|####8     | 2485/5112 [00:12<00:12, 203.77token/s]
[32m[INFO][0m Comfy model compiler graph breaks: 0, rogues: 1
[32m[INFO][0m [32mPrompt executed in 13.21 seconds[0m
