[12:31:24] === VÒNG MỚI: 12 bản (_jobs_v4.json). Mỗi bản ~4-5 phút, chạy lần lượt từng bản trên lab ===
[12:31:24] [1/12] BẮT ĐẦU v4_NP_cl_s1:  | seed 1 | dài 229 s | nốt: es_no_pude_beat_v4_A_q96.abc
[12:31:24]     -> ComfyUI: 1) nạp model YuE2  2) YuE2 viết nhạc theo nốt ABC (lâu nhất)  3) KSampler 32 bước tô âm thanh  4) giải mã + lưu FLAC
[12:34:40]     XONG v4_NP_cl_s1 sau 126 s | giọng hát 0% (sạch) | giữ giai điệu 0.4 (mức của bản nốt so với bản gốc = 0.007) | máy nghe ra: brass 36%, taiko 12%, bass 9%
{"file": "v4_NP_cl_s1__giong00.flac", "voice_pct": 0, "top": [["brass", 0.363], ["taiko", 0.119], ["bass", 0.093], ["frame_drum", 0.086], ["flute", 0.072]]}
[12:34:40] [2/12] BẮT ĐẦU v4_NP_cl_s2:  | seed 2 | dài 229 s | nốt: es_no_pude_beat_v4_A_q96.abc
[12:34:40]     -> ComfyUI: 1) nạp model YuE2  2) YuE2 viết nhạc theo nốt ABC (lâu nhất)  3) KSampler 32 bước tô âm thanh  4) giải mã + lưu FLAC
[12:37:21]     XONG v4_NP_cl_s2 sau 132 s | giọng hát 2% (sạch) | giữ giai điệu 0.476 (mức của bản nốt so với bản gốc = 0.007) | máy nghe ra: brass 22%, flute 22%, frame_drum 14%
{"file": "v4_NP_cl_s2__giong02.flac", "voice_pct": 2, "top": [["brass", 0.221], ["flute", 0.217], ["frame_drum", 0.145], ["lute", 0.118], ["violin_fiddle", 0.055]]}
[12:37:21] [3/12] BẮT ĐẦU v4_NP_cl_s7:  | seed 7 | dài 229 s | nốt: es_no_pude_beat_v4_A_q96.abc
[12:37:21]     -> ComfyUI: 1) nạp model YuE2  2) YuE2 viết nhạc theo nốt ABC (lâu nhất)  3) KSampler 32 bước tô âm thanh  4) giải mã + lưu FLAC
[12:40:05]     XONG v4_NP_cl_s7 sau 132 s | giọng hát 0% (sạch) | giữ giai điệu 0.452 (mức của bản nốt so với bản gốc = 0.007) | máy nghe ra: flute 23%, brass 19%, piano 14%
{"file": "v4_NP_cl_s7__giong00.flac", "voice_pct": 0, "top": [["flute", 0.233], ["brass", 0.193], ["piano", 0.14], ["bass", 0.11], ["lute", 0.077]]}
[12:40:05] [4/12] BẮT ĐẦU v4_NP_am_s1:  | seed 1 | dài 229 s | nốt: es_no_pude_beat_v4_A_q96.abc
[12:40:05]     -> ComfyUI: 1) nạp model YuE2  2) YuE2 viết nhạc theo nốt ABC (lâu nhất)  3) KSampler 32 bước tô âm thanh  4) giải mã + lưu FLAC
[12:42:59]     XONG v4_NP_am_s1 sau 126 s | giọng hát 2% (sạch) | giữ giai điệu 0.428 (mức của bản nốt so với bản gốc = 0.007) | máy nghe ra: brass 26%, flute 19%, piano 10%
{"file": "v4_NP_am_s1__giong02.flac", "voice_pct": 2, "top": [["brass", 0.26], ["flute", 0.191], ["piano", 0.101], ["bass", 0.1], ["e_piano", 0.081]]}
[12:42:59] [5/12] BẮT ĐẦU v4_NP_am_s2:  | seed 2 | dài 229 s | nốt: es_no_pude_beat_v4_A_q96.abc
[12:42:59]     -> ComfyUI: 1) nạp model YuE2  2) YuE2 viết nhạc theo nốt ABC (lâu nhất)  3) KSampler 32 bước tô âm thanh  4) giải mã + lưu FLAC
[12:45:37]     XONG v4_NP_am_s2 sau 132 s | giọng hát 1% (sạch) | giữ giai điệu 0.637 (mức của bản nốt so với bản gốc = 0.007) | máy nghe ra: brass 45%, flute 14%, frame_drum 10%
{"file": "v4_NP_am_s2__giong01.flac", "voice_pct": 1, "top": [["brass", 0.45], ["flute", 0.135], ["frame_drum", 0.099], ["piano", 0.068], ["lute", 0.049]]}
[12:45:37] [6/12] BẮT ĐẦU v4_NP_am_s7:  | seed 7 | dài 229 s | nốt: es_no_pude_beat_v4_A_q96.abc
[12:45:37]     -> ComfyUI: 1) nạp model YuE2  2) YuE2 viết nhạc theo nốt ABC (lâu nhất)  3) KSampler 32 bước tô âm thanh  4) giải mã + lưu FLAC
[12:48:14]     XONG v4_NP_am_s7 sau 132 s | giọng hát 1% (sạch) | giữ giai điệu 0.554 (mức của bản nốt so với bản gốc = 0.007) | máy nghe ra: brass 40%, flute 13%, bass 10%
{"file": "v4_NP_am_s7__giong01.flac", "voice_pct": 1, "top": [["brass", 0.396], ["flute", 0.128], ["bass", 0.103], ["frame_drum", 0.102], ["piano", 0.075]]}
[12:48:14] [7/12] BẮT ĐẦU v4_PR_cl_s1:  | seed 1 | dài 200 s | nốt: es_prision_beat_v4_G_q96.abc
[12:48:14]     -> ComfyUI: 1) nạp model YuE2  2) YuE2 viết nhạc theo nốt ABC (lâu nhất)  3) KSampler 32 bước tô âm thanh  4) giải mã + lưu FLAC
[12:50:29]     XONG v4_PR_cl_s1 sau 110 s | giọng hát 2% (sạch) | giữ giai điệu 0.73 (mức của bản nốt so với bản gốc = 0.118) | máy nghe ra: flute 39%, piano 21%, bass 15%
{"file": "v4_PR_cl_s1__giong02.flac", "voice_pct": 2, "top": [["flute", 0.387], ["piano", 0.212], ["bass", 0.151], ["e_piano", 0.071], ["frame_drum", 0.036]]}
[12:50:29] [8/12] BẮT ĐẦU v4_PR_cl_s2:  | seed 2 | dài 200 s | nốt: es_prision_beat_v4_G_q96.abc
[12:50:29]     -> ComfyUI: 1) nạp model YuE2  2) YuE2 viết nhạc theo nốt ABC (lâu nhất)  3) KSampler 32 bước tô âm thanh  4) giải mã + lưu FLAC
[12:52:50]     XONG v4_PR_cl_s2 sau 110 s | giọng hát 2% (sạch) | giữ giai điệu 0.634 (mức của bản nốt so với bản gốc = 0.118) | máy nghe ra: brass 28%, flute 20%, frame_drum 8%
{"file": "v4_PR_cl_s2__giong02.flac", "voice_pct": 2, "top": [["brass", 0.283], ["flute", 0.203], ["frame_drum", 0.08], ["piano", 0.071], ["bass", 0.063]]}
[12:52:50] [9/12] BẮT ĐẦU v4_PR_cl_s7:  | seed 7 | dài 200 s | nốt: es_prision_beat_v4_G_q96.abc
[12:52:50]     -> ComfyUI: 1) nạp model YuE2  2) YuE2 viết nhạc theo nốt ABC (lâu nhất)  3) KSampler 32 bước tô âm thanh  4) giải mã + lưu FLAC
[12:54:59]     XONG v4_PR_cl_s7 sau 107 s | giọng hát 1% (sạch) | giữ giai điệu 0.536 (mức của bản nốt so với bản gốc = 0.118) | máy nghe ra: brass 26%, piano 17%, flute 10%
{"file": "v4_PR_cl_s7__giong01.flac", "voice_pct": 1, "top": [["brass", 0.255], ["piano", 0.172], ["flute", 0.097], ["lute", 0.092], ["electric_guitar", 0.077]]}
[12:54:59] [10/12] BẮT ĐẦU v4_PR_am_s1:  | seed 1 | dài 200 s | nốt: es_prision_beat_v4_G_q96.abc
[12:54:59]     -> ComfyUI: 1) nạp model YuE2  2) YuE2 viết nhạc theo nốt ABC (lâu nhất)  3) KSampler 32 bước tô âm thanh  4) giải mã + lưu FLAC
[12:57:12]     XONG v4_PR_am_s1 sau 110 s | giọng hát 1% (sạch) | giữ giai điệu 0.633 (mức của bản nốt so với bản gốc = 0.118) | máy nghe ra: lute 19%, brass 17%, flute 17%
{"file": "v4_PR_am_s1__giong01.flac", "voice_pct": 1, "top": [["lute", 0.187], ["brass", 0.173], ["flute", 0.169], ["violin_fiddle", 0.105], ["piano", 0.081]]}
[12:57:12] [11/12] BẮT ĐẦU v4_PR_am_s2:  | seed 2 | dài 200 s | nốt: es_prision_beat_v4_G_q96.abc
[12:57:12]     -> ComfyUI: 1) nạp model YuE2  2) YuE2 viết nhạc theo nốt ABC (lâu nhất)  3) KSampler 32 bước tô âm thanh  4) giải mã + lưu FLAC
[12:59:26]     XONG v4_PR_am_s2 sau 110 s | giọng hát 1% (sạch) | giữ giai điệu 0.596 (mức của bản nốt so với bản gốc = 0.118) | máy nghe ra: brass 26%, piano 17%, frame_drum 14%
{"file": "v4_PR_am_s2__giong01.flac", "voice_pct": 1, "top": [["brass", 0.257], ["piano", 0.166], ["frame_drum", 0.144], ["e_piano", 0.11], ["flute", 0.06]]}
[12:59:26] [12/12] BẮT ĐẦU v4_PR_am_s7:  | seed 7 | dài 200 s | nốt: es_prision_beat_v4_G_q96.abc
[12:59:26]     -> ComfyUI: 1) nạp model YuE2  2) YuE2 viết nhạc theo nốt ABC (lâu nhất)  3) KSampler 32 bước tô âm thanh  4) giải mã + lưu FLAC
[13:01:38]     XONG v4_PR_am_s7 sau 110 s | giọng hát 1% (sạch) | giữ giai điệu 0.693 (mức của bản nốt so với bản gốc = 0.118) | máy nghe ra: brass 22%, lute 19%, piano 9%
{"file": "v4_PR_am_s7__giong01.flac", "voice_pct": 1, "top": [["brass", 0.217], ["lute", 0.191], ["piano", 0.087], ["flute", 0.082], ["bass", 0.079]]}
[13:01:38] === HẾT VÒNG. Số máy chỉ để lọc lỗi; tai Duy quyết hay/dở ===
